ARM Linker, 4.1 [Build 481] [Standard]

==============================================================================

Section Cross References

    hw_config.o(.text) refers to stm32f10x_rcc.o(.text) for RCC_APB2PeriphClockCmd
    hw_config.o(.text) refers to stm32f10x_gpio.o(.text) for GPIO_Init
    hw_config.o(.text) refers to system_stm32f10x.o(.text) for SystemInit
    hw_config.o(.text) refers to misc.o(.text) for NVIC_PriorityGroupConfig
    hw_config.o(.text) refers to usb_mem.o(.text) for UserToPMABufferCopy
    hw_config.o(.text) refers to usb_regs.o(.text) for SetEPTxCount
    hw_config.o(.text) refers to strlen.o(.text) for strlen
    hw_config.o(.text) refers to usb_desc.o(.data) for Virtual_Com_Port_StringSerial
    main.o(.text) refers to hw_config.o(.text) for Set_System
    main.o(.text) refers to usb_init.o(.text) for USB_Init
    stm32f10x_it.o(.text) refers to usb_istr.o(.text) for USB_Istr
    usb_endp.o(.text) refers to usb_sil.o(.text) for USB_SIL_Read
    usb_endp.o(.text) refers to hw_config.o(.text) for USB_Send_Buf
    usb_endp.o(.text) refers to usb_regs.o(.text) for SetEPRxValid
    usb_endp.o(.text) refers to usb_endp.o(.bss) for USB_Rx_Buffer
    usb_istr.o(.text) refers to usb_int.o(.text) for CTR_LP
    usb_istr.o(.text) refers to usb_istr.o(.data) for wIstr
    usb_istr.o(.text) refers to usb_init.o(.data) for wInterrupt_Mask
    usb_istr.o(.text) refers to usb_prop.o(.data) for Device_Property
    usb_istr.o(.data) refers to usb_endp.o(.text) for EP1_IN_Callback
    usb_istr.o(.data) refers to usb_core.o(.text) for NOP_Process
    usb_prop.o(.text) refers to hw_config.o(.text) for Get_SerialNum
    usb_prop.o(.text) refers to usb_pwr.o(.text) for PowerOn
    usb_prop.o(.text) refers to usb_regs.o(.text) for SetBTABLE
    usb_prop.o(.text) refers to usb_core.o(.text) for SetDeviceAddress
    usb_prop.o(.text) refers to usb_init.o(.data) for pInformation
    usb_prop.o(.text) refers to usb_pwr.o(.data) for bDeviceState
    usb_prop.o(.text) refers to usb_desc.o(.constdata) for Virtual_Com_Port_ConfigDescriptor
    usb_prop.o(.text) refers to usb_prop.o(.data) for Device_Property
    usb_prop.o(.text) refers to usb_init.o(.bss) for Device_Info
    usb_prop.o(.data) refers to usb_prop.o(.text) for Virtual_Com_Port_init
    usb_prop.o(.data) refers to usb_core.o(.text) for NOP_Process
    usb_prop.o(.data) refers to usb_desc.o(.constdata) for Virtual_Com_Port_DeviceDescriptor
    usb_prop.o(.data) refers to usb_desc.o(.data) for Virtual_Com_Port_StringSerial
    usb_pwr.o(.text) refers to hw_config.o(.text) for USB_Cable_Config
    usb_pwr.o(.text) refers to usb_init.o(.data) for wInterrupt_Mask
    usb_pwr.o(.text) refers to usb_pwr.o(.data) for ResumeS
    usb_core.o(.text) refers to usb_regs.o(.text) for ClearDTOG_TX
    usb_core.o(.text) refers to usb_init.o(.data) for pInformation
    usb_core.o(.text) refers to usb_prop.o(.data) for Device_Table
    usb_core.o(.text) refers to usb_core.o(.data) for StatusInfo
    usb_core.o(.text) refers to usb_mem.o(.text) for PMAToUserBufferCopy
    usb_core.o(.text) refers to usb_int.o(.data) for SaveRState
    usb_init.o(.text) refers to usb_init.o(.bss) for Device_Info
    usb_init.o(.text) refers to usb_init.o(.data) for pInformation
    usb_init.o(.text) refers to usb_prop.o(.data) for Device_Property
    usb_int.o(.text) refers to usb_core.o(.text) for In0_Process
    usb_int.o(.text) refers to usb_istr.o(.data) for wIstr
    usb_int.o(.text) refers to usb_init.o(.data) for EPindex
    usb_int.o(.text) refers to usb_int.o(.data) for SaveRState
    usb_sil.o(.text) refers to usb_regs.o(.text) for GetEPTxAddr
    usb_sil.o(.text) refers to usb_mem.o(.text) for UserToPMABufferCopy
    usb_sil.o(.text) refers to usb_init.o(.data) for wInterrupt_Mask
    stm32f10x_gpio.o(.text) refers to stm32f10x_rcc.o(.text) for RCC_APB2PeriphResetCmd
    stm32f10x_rcc.o(.text) refers to stm32f10x_rcc.o(.data) for APBAHBPrescTable
    system_stm32f10x.o(.text) refers to system_stm32f10x.o(.data) for SystemCoreClock
    startup_stm32f10x_hd.o(STACK) refers (Special) to heapauxi.o(.text) for __use_two_region_memory
    startup_stm32f10x_hd.o(HEAP) refers (Special) to heapauxi.o(.text) for __use_two_region_memory
    startup_stm32f10x_hd.o(RESET) refers (Special) to heapauxi.o(.text) for __use_two_region_memory
    startup_stm32f10x_hd.o(RESET) refers to startup_stm32f10x_hd.o(STACK) for __initial_sp
    startup_stm32f10x_hd.o(RESET) refers to startup_stm32f10x_hd.o(.text) for Reset_Handler
    startup_stm32f10x_hd.o(RESET) refers to stm32f10x_it.o(.text) for NMI_Handler
    startup_stm32f10x_hd.o(.text) refers (Special) to heapauxi.o(.text) for __use_two_region_memory
    startup_stm32f10x_hd.o(.text) refers to system_stm32f10x.o(.text) for SystemInit
    startup_stm32f10x_hd.o(.text) refers to __main.o(!!!main) for __main
    startup_stm32f10x_hd.o(.text) refers to startup_stm32f10x_hd.o(HEAP) for Heap_Mem
    startup_stm32f10x_hd.o(.text) refers to startup_stm32f10x_hd.o(STACK) for Stack_Mem
    __main.o(!!!main) refers to rtentry.o(.ARM.Collect$$rtentry$$00000000) for __rt_entry
    rtentry.o(.ARM.Collect$$rtentry$$00000000) refers (Special) to rtentry2.o(.ARM.Collect$$rtentry$$0000000A) for __rt_entry_li
    rtentry.o(.ARM.Collect$$rtentry$$00000000) refers (Special) to rtentry2.o(.ARM.Collect$$rtentry$$0000000D) for __rt_entry_main
    rtentry.o(.ARM.Collect$$rtentry$$00000000) refers (Special) to rtentry2.o(.ARM.Collect$$rtentry$$0000000C) for __rt_entry_postli_1
    rtentry.o(.ARM.Collect$$rtentry$$00000000) refers (Special) to rtentry2.o(.ARM.Collect$$rtentry$$00000009) for __rt_entry_postsh_1
    rtentry.o(.ARM.Collect$$rtentry$$00000000) refers (Special) to rtentry2.o(.ARM.Collect$$rtentry$$00000002) for __rt_entry_presh_1
    rtentry.o(.ARM.Collect$$rtentry$$00000000) refers (Special) to rtentry4.o(.ARM.Collect$$rtentry$$00000004) for __rt_entry_sh
    rtentry.o(.ARM.exidx) refers (Special) to rtentry2.o(.ARM.Collect$$rtentry$$0000000A) for __rt_entry_li
    rtentry.o(.ARM.exidx) refers (Special) to rtentry2.o(.ARM.Collect$$rtentry$$0000000D) for __rt_entry_main
    rtentry.o(.ARM.exidx) refers (Special) to rtentry2.o(.ARM.Collect$$rtentry$$0000000C) for __rt_entry_postli_1
    rtentry.o(.ARM.exidx) refers (Special) to rtentry2.o(.ARM.Collect$$rtentry$$00000009) for __rt_entry_postsh_1
    rtentry.o(.ARM.exidx) refers (Special) to rtentry2.o(.ARM.Collect$$rtentry$$00000002) for __rt_entry_presh_1
    rtentry.o(.ARM.exidx) refers (Special) to rtentry4.o(.ARM.Collect$$rtentry$$00000004) for __rt_entry_sh
    rtentry.o(.ARM.exidx) refers to rtentry.o(.ARM.Collect$$rtentry$$00000000) for .ARM.Collect$$rtentry$$00000000
    rtentry2.o(.ARM.Collect$$rtentry$$00000008) refers to boardinit2.o(.text) for _platform_post_stackheap_init
    rtentry2.o(.ARM.Collect$$rtentry$$0000000A) refers to libinit.o(.ARM.Collect$$libinit$$00000000) for __rt_lib_init
    rtentry2.o(.ARM.Collect$$rtentry$$0000000B) refers to boardinit3.o(.text) for _platform_post_lib_init
    rtentry2.o(.ARM.Collect$$rtentry$$0000000D) refers to main.o(.text) for main
    rtentry2.o(.ARM.Collect$$rtentry$$0000000D) refers to exit.o(.text) for exit
    rtentry2.o(.ARM.exidx) refers to rtentry2.o(.ARM.Collect$$rtentry$$00000001) for .ARM.Collect$$rtentry$$00000001
    rtentry2.o(.ARM.exidx) refers to rtentry2.o(.ARM.Collect$$rtentry$$00000002) for .ARM.Collect$$rtentry$$00000002
    rtentry2.o(.ARM.exidx) refers to rtentry2.o(.ARM.Collect$$rtentry$$00000008) for .ARM.Collect$$rtentry$$00000008
    rtentry2.o(.ARM.exidx) refers to rtentry2.o(.ARM.Collect$$rtentry$$00000009) for .ARM.Collect$$rtentry$$00000009
    rtentry2.o(.ARM.exidx) refers to rtentry2.o(.ARM.Collect$$rtentry$$0000000A) for .ARM.Collect$$rtentry$$0000000A
    rtentry2.o(.ARM.exidx) refers to rtentry2.o(.ARM.Collect$$rtentry$$0000000B) for .ARM.Collect$$rtentry$$0000000B
    rtentry2.o(.ARM.exidx) refers to rtentry2.o(.ARM.Collect$$rtentry$$0000000C) for .ARM.Collect$$rtentry$$0000000C
    rtentry2.o(.ARM.exidx) refers to rtentry2.o(.ARM.Collect$$rtentry$$0000000D) for .ARM.Collect$$rtentry$$0000000D
    rtentry4.o(.ARM.Collect$$rtentry$$00000004) refers to sys_stackheap_outer.o(.text) for __user_setup_stackheap
    rtentry4.o(.ARM.exidx) refers to rtentry4.o(.ARM.Collect$$rtentry$$00000004) for .ARM.Collect$$rtentry$$00000004
    sys_stackheap_outer.o(.text) refers to libspace.o(.text) for __user_perproc_libspace
    sys_stackheap_outer.o(.text) refers to startup_stm32f10x_hd.o(.text) for __user_initial_stackheap
    exit.o(.text) refers to rtexit.o(.ARM.Collect$$rtexit$$00000000) for __rt_exit
    libinit.o(.ARM.Collect$$libinit$$00000000) refers (Special) to libinit2.o(.ARM.Collect$$libinit$$0000002A) for __rt_lib_init_alloca_1
    libinit.o(.ARM.Collect$$libinit$$00000000) refers (Special) to libinit2.o(.ARM.Collect$$libinit$$00000028) for __rt_lib_init_argv_1
    libinit.o(.ARM.Collect$$libinit$$00000000) refers (Special) to libinit2.o(.ARM.Collect$$libinit$$00000017) for __rt_lib_init_atexit_1
    libinit.o(.ARM.Collect$$libinit$$00000000) refers (Special) to libinit2.o(.ARM.Collect$$libinit$$0000001D) for __rt_lib_init_clock_1
    libinit.o(.ARM.Collect$$libinit$$00000000) refers (Special) to libinit2.o(.ARM.Collect$$libinit$$0000002E) for __rt_lib_init_cpp_1
    libinit.o(.ARM.Collect$$libinit$$00000000) refers (Special) to libinit2.o(.ARM.Collect$$libinit$$0000002C) for __rt_lib_init_exceptions_1
    libinit.o(.ARM.Collect$$libinit$$00000000) refers (Special) to libinit2.o(.ARM.Collect$$libinit$$0000001B) for __rt_lib_init_fp_trap_1
    libinit.o(.ARM.Collect$$libinit$$00000000) refers (Special) to libinit2.o(.ARM.Collect$$libinit$$0000001F) for __rt_lib_init_getenv_1
    libinit.o(.ARM.Collect$$libinit$$00000000) refers (Special) to libinit2.o(.ARM.Collect$$libinit$$00000006) for __rt_lib_init_heap_1
    libinit.o(.ARM.Collect$$libinit$$00000000) refers (Special) to libinit2.o(.ARM.Collect$$libinit$$0000000D) for __rt_lib_init_lc_collate_1
    libinit.o(.ARM.Collect$$libinit$$00000000) refers (Special) to libinit2.o(.ARM.Collect$$libinit$$0000000F) for __rt_lib_init_lc_ctype_1
    libinit.o(.ARM.Collect$$libinit$$00000000) refers (Special) to libinit2.o(.ARM.Collect$$libinit$$00000011) for __rt_lib_init_lc_monetary_1
    libinit.o(.ARM.Collect$$libinit$$00000000) refers (Special) to libinit2.o(.ARM.Collect$$libinit$$00000013) for __rt_lib_init_lc_numeric_1
    libinit.o(.ARM.Collect$$libinit$$00000000) refers (Special) to libinit2.o(.ARM.Collect$$libinit$$00000015) for __rt_lib_init_lc_time_1
    libinit.o(.ARM.Collect$$libinit$$00000000) refers (Special) to libinit2.o(.ARM.Collect$$libinit$$0000000A) for __rt_lib_init_rand_1
    libinit.o(.ARM.Collect$$libinit$$00000000) refers (Special) to libinit2.o(.ARM.Collect$$libinit$$0000002F) for __rt_lib_init_return
    libinit.o(.ARM.Collect$$libinit$$00000000) refers (Special) to libinit2.o(.ARM.Collect$$libinit$$00000019) for __rt_lib_init_signal_1
    libinit.o(.ARM.Collect$$libinit$$00000000) refers (Special) to libinit2.o(.ARM.Collect$$libinit$$00000021) for __rt_lib_init_stdio_1
    libinit.o(.ARM.Collect$$libinit$$00000000) refers (Special) to libinit2.o(.ARM.Collect$$libinit$$00000008) for __rt_lib_init_user_alloc_1
    libinit.o(.ARM.Collect$$libinit$$00000000) refers to fpinit.o(x$fpl$fpinit) for _fp_init
    libspace.o(.text) refers to libspace.o(.bss) for __libspace_start
    rtexit.o(.ARM.Collect$$rtexit$$00000000) refers (Special) to rtexit2.o(.ARM.Collect$$rtexit$$00000004) for __rt_exit_exit
    rtexit.o(.ARM.Collect$$rtexit$$00000000) refers (Special) to rtexit2.o(.ARM.Collect$$rtexit$$00000003) for __rt_exit_ls
    rtexit.o(.ARM.Collect$$rtexit$$00000000) refers (Special) to rtexit2.o(.ARM.Collect$$rtexit$$00000002) for __rt_exit_prels_1
    rtexit.o(.ARM.exidx) refers (Special) to rtexit2.o(.ARM.Collect$$rtexit$$00000004) for __rt_exit_exit
    rtexit.o(.ARM.exidx) refers (Special) to rtexit2.o(.ARM.Collect$$rtexit$$00000003) for __rt_exit_ls
    rtexit.o(.ARM.exidx) refers (Special) to rtexit2.o(.ARM.Collect$$rtexit$$00000002) for __rt_exit_prels_1
    rtexit.o(.ARM.exidx) refers to rtexit.o(.ARM.Collect$$rtexit$$00000000) for .ARM.Collect$$rtexit$$00000000
    libinit2.o(.ARM.Collect$$libinit$$0000000C) refers to libinit2.o(.ARM.Collect$$libinit$$0000000B) for .ARM.Collect$$libinit$$0000000B
    libinit2.o(.ARM.Collect$$libinit$$0000000E) refers to libinit2.o(.ARM.Collect$$libinit$$0000000B) for .ARM.Collect$$libinit$$0000000B
    libinit2.o(.ARM.Collect$$libinit$$00000010) refers to libinit2.o(.ARM.Collect$$libinit$$0000000B) for .ARM.Collect$$libinit$$0000000B
    libinit2.o(.ARM.Collect$$libinit$$00000012) refers to libinit2.o(.ARM.Collect$$libinit$$0000000B) for .ARM.Collect$$libinit$$0000000B
    libinit2.o(.ARM.Collect$$libinit$$00000014) refers to libinit2.o(.ARM.Collect$$libinit$$0000000B) for .ARM.Collect$$libinit$$0000000B
    libinit2.o(.ARM.Collect$$libinit$$00000022) refers to argv_veneer.o(.emb_text) for __ARM_argv_veneer
    libinit2.o(.ARM.Collect$$libinit$$00000023) refers to argv_veneer.o(.emb_text) for __ARM_argv_veneer
    fpinit.o(x$fpl$fpinit) refers to rt_fp_status_addr_intlibspace.o(.text) for __rt_fp_status_addr
    rtexit2.o(.ARM.Collect$$rtexit$$00000003) refers to libshutdown.o(.ARM.Collect$$libshutdown$$00000000) for __rt_lib_shutdown
    rtexit2.o(.ARM.Collect$$rtexit$$00000004) refers to sys_exit.o(.text) for _sys_exit
    rtexit2.o(.ARM.exidx) refers to rtexit2.o(.ARM.Collect$$rtexit$$00000001) for .ARM.Collect$$rtexit$$00000001
    rtexit2.o(.ARM.exidx) refers to rtexit2.o(.ARM.Collect$$rtexit$$00000002) for .ARM.Collect$$rtexit$$00000002
    rtexit2.o(.ARM.exidx) refers to rtexit2.o(.ARM.Collect$$rtexit$$00000003) for .ARM.Collect$$rtexit$$00000003
    rtexit2.o(.ARM.exidx) refers to rtexit2.o(.ARM.Collect$$rtexit$$00000004) for .ARM.Collect$$rtexit$$00000004
    rt_fp_status_addr.o(.text) refers to rt_fp_status_addr.o(.bss) for __rt_fp_status_addr_data
    rt_fp_status_addr_intlibspace.o(.text) refers to libspace.o(.bss) for __libspace_start
    argv_veneer.o(.emb_text) refers to no_argv.o(.text) for __ARM_get_argv
    sys_exit.o(.text) refers (Special) to use_no_semi.o(.text) for __I$use$semihosting
    _get_argv_nomalloc.o(.text) refers (Special) to hrguard.o(.text) for __heap_region$guard
    _get_argv_nomalloc.o(.text) refers to defsig_rtmem_outer.o(.text) for __rt_SIGRTMEM
    _get_argv_nomalloc.o(.text) refers to sys_command.o(.text) for _sys_command_string
    libshutdown.o(.ARM.Collect$$libshutdown$$00000000) refers (Special) to libshutdown2.o(.ARM.Collect$$libshutdown$$00000006) for __rt_lib_shutdown_fp_trap_1
    libshutdown.o(.ARM.Collect$$libshutdown$$00000000) refers (Special) to libshutdown2.o(.ARM.Collect$$libshutdown$$0000000E) for __rt_lib_shutdown_heap_1
    libshutdown.o(.ARM.Collect$$libshutdown$$00000000) refers (Special) to libshutdown2.o(.ARM.Collect$$libshutdown$$0000000F) for __rt_lib_shutdown_return
    libshutdown.o(.ARM.Collect$$libshutdown$$00000000) refers (Special) to libshutdown2.o(.ARM.Collect$$libshutdown$$00000009) for __rt_lib_shutdown_signal_1
    libshutdown.o(.ARM.Collect$$libshutdown$$00000000) refers (Special) to libshutdown2.o(.ARM.Collect$$libshutdown$$00000003) for __rt_lib_shutdown_stdio_1
    libshutdown.o(.ARM.Collect$$libshutdown$$00000000) refers (Special) to libshutdown2.o(.ARM.Collect$$libshutdown$$0000000B) for __rt_lib_shutdown_user_alloc_1
    sys_command.o(.text) refers (Special) to use_no_semi.o(.text) for __I$use$semihosting
    defsig_rtmem_outer.o(.text) refers to defsig_rtmem_inner.o(.text) for __rt_SIGRTMEM_inner
    defsig_rtmem_outer.o(.text) refers to defsig_exit.o(.text) for __sig_exit
    defsig_rtmem_formal.o(.text) refers to rt_raise.o(.text) for __rt_raise
    rt_raise.o(.text) refers to __raise.o(.text) for __raise
    rt_raise.o(.text) refers to sys_exit.o(.text) for _sys_exit
    defsig_exit.o(.text) refers to sys_exit.o(.text) for _sys_exit
    defsig_rtmem_inner.o(.text) refers to defsig_general.o(.text) for __default_signal_display
    __raise.o(.text) refers to defsig.o(CL$$defsig) for __default_signal_handler
    defsig_general.o(.text) refers to sys_wrch.o(.text) for _ttywrch
    sys_wrch.o(.text) refers (Special) to use_no_semi.o(.text) for __I$use$semihosting
    defsig.o(CL$$defsig) refers to defsig_rtmem_inner.o(.text) for __rt_SIGRTMEM_inner
    defsig_abrt_inner.o(.text) refers to defsig_general.o(.text) for __default_signal_display
    defsig_fpe_inner.o(.text) refers to defsig_general.o(.text) for __default_signal_display
    defsig_rtred_inner.o(.text) refers to defsig_general.o(.text) for __default_signal_display
    defsig_stak_inner.o(.text) refers to defsig_general.o(.text) for __default_signal_display
    defsig_pvfn_inner.o(.text) refers to defsig_general.o(.text) for __default_signal_display
    defsig_cppl_inner.o(.text) refers to defsig_general.o(.text) for __default_signal_display
    defsig_segv_inner.o(.text) refers to defsig_general.o(.text) for __default_signal_display
    defsig_other.o(.text) refers to defsig_general.o(.text) for __default_signal_display


==============================================================================

Removing Unused input sections from the image.

    Removing core_cm3.o(.emb_text), (32 bytes).

1 unused section(s) (total 32 bytes) removed from the image.

==============================================================================

Image Symbol Table

    Local Symbols

    Symbol Name                              Value     Ov Type        Size  Object(Section)

    ../../angel/boardlib.s                   0x00000000   Number         0  boardinit2.o ABSOLUTE
    ../../angel/boardlib.s                   0x00000000   Number         0  boardinit3.o ABSOLUTE
    ../../angel/boardlib.s                   0x00000000   Number         0  boardshut.o ABSOLUTE
    ../../angel/boardlib.s                   0x00000000   Number         0  boardinit1.o ABSOLUTE
    ../../angel/dczerorl2.s                  0x00000000   Number         0  __dczerorl2.o ABSOLUTE
    ../../angel/handlers.s                   0x00000000   Number         0  __scatter_zi.o ABSOLUTE
    ../../angel/kernel.s                     0x00000000   Number         0  rtentry.o ABSOLUTE
    ../../angel/kernel.s                     0x00000000   Number         0  rtentry2.o ABSOLUTE
    ../../angel/kernel.s                     0x00000000   Number         0  rtentry4.o ABSOLUTE
    ../../angel/kernel.s                     0x00000000   Number         0  rtexit.o ABSOLUTE
    ../../angel/kernel.s                     0x00000000   Number         0  rtexit2.o ABSOLUTE
    ../../angel/rt.s                         0x00000000   Number         0  rt_raise.o ABSOLUTE
    ../../angel/rt.s                         0x00000000   Number         0  rt_fp_status_addr.o ABSOLUTE
    ../../angel/rt.s                         0x00000000   Number         0  rt_fp_status_addr_intlibspace.o ABSOLUTE
    ../../angel/scatter.s                    0x00000000   Number         0  __scatter.o ABSOLUTE
    ../../angel/startup.s                    0x00000000   Number         0  __main.o ABSOLUTE
    ../../angel/sys.s                        0x00000000   Number         0  libspace.o ABSOLUTE
    ../../angel/sys.s                        0x00000000   Number         0  sys_stackheap_outer.o ABSOLUTE
    ../../angel/sys.s                        0x00000000   Number         0  use_no_semi.o ABSOLUTE
    ../../angel/sysapp.c                     0x00000000   Number         0  sys_exit.o ABSOLUTE
    ../../angel/sysapp.c                     0x00000000   Number         0  sys_command.o ABSOLUTE
    ../../angel/sysapp.c                     0x00000000   Number         0  sys_wrch.o ABSOLUTE
    ../../armsys.c                           0x00000000   Number         0  argv_veneer.o ABSOLUTE
    ../../armsys.c                           0x00000000   Number         0  argv_veneer.o ABSOLUTE
    ../../armsys.c                           0x00000000   Number         0  no_argv.o ABSOLUTE
    ../../armsys.c                           0x00000000   Number         0  _get_argv_nomalloc.o ABSOLUTE
    ../../fpinit.s                           0x00000000   Number         0  fpinit.o ABSOLUTE
    ../../heapalloc.c                        0x00000000   Number         0  hrguard.o ABSOLUTE
    ../../heapaux.c                          0x00000000   Number         0  heapauxi.o ABSOLUTE
    ../../libinit.s                          0x00000000   Number         0  libinit2.o ABSOLUTE
    ../../libinit.s                          0x00000000   Number         0  libinit.o ABSOLUTE
    ../../libinit.s                          0x00000000   Number         0  libshutdown2.o ABSOLUTE
    ../../libinit.s                          0x00000000   Number         0  libshutdown.o ABSOLUTE
    ../../signal.c                           0x00000000   Number         0  defsig_rtred_inner.o ABSOLUTE
    ../../signal.c                           0x00000000   Number         0  defsig_fpe_inner.o ABSOLUTE
    ../../signal.c                           0x00000000   Number         0  defsig_abrt_inner.o ABSOLUTE
    ../../signal.c                           0x00000000   Number         0  defsig_pvfn_inner.o ABSOLUTE
    ../../signal.c                           0x00000000   Number         0  defsig_general.o ABSOLUTE
    ../../signal.c                           0x00000000   Number         0  __raise.o ABSOLUTE
    ../../signal.c                           0x00000000   Number         0  defsig_rtmem_inner.o ABSOLUTE
    ../../signal.c                           0x00000000   Number         0  defsig_exit.o ABSOLUTE
    ../../signal.c                           0x00000000   Number         0  defsig_rtmem_formal.o ABSOLUTE
    ../../signal.c                           0x00000000   Number         0  defsig_rtmem_outer.o ABSOLUTE
    ../../signal.c                           0x00000000   Number         0  defsig_other.o ABSOLUTE
    ../../signal.c                           0x00000000   Number         0  defsig_segv_inner.o ABSOLUTE
    ../../signal.c                           0x00000000   Number         0  defsig_cppl_inner.o ABSOLUTE
    ../../signal.c                           0x00000000   Number         0  defsig_stak_inner.o ABSOLUTE
    ../../signal.s                           0x00000000   Number         0  defsig.o ABSOLUTE
    ../../stdlib.c                           0x00000000   Number         0  exit.o ABSOLUTE
    ../../string.c                           0x00000000   Number         0  strlen.o ABSOLUTE
    ..\CMSIS\core_cm3.c                      0x00000000   Number         0  core_cm3.o ABSOLUTE
    ..\CMSIS\startup\startup_stm32f10x_hd.s  0x00000000   Number         0  startup_stm32f10x_hd.o ABSOLUTE
    ..\CMSIS\system_stm32f10x.c              0x00000000   Number         0  system_stm32f10x.o ABSOLUTE
    ..\STM32F10x_StdPeriph_Driver\src\misc.c 0x00000000   Number         0  misc.o ABSOLUTE
    ..\STM32F10x_StdPeriph_Driver\src\stm32f10x_gpio.c 0x00000000   Number         0  stm32f10x_gpio.o ABSOLUTE
    ..\STM32F10x_StdPeriph_Driver\src\stm32f10x_rcc.c 0x00000000   Number         0  stm32f10x_rcc.o ABSOLUTE
    ..\STM32_USB-FS-Device_Driver\src\usb_core.c 0x00000000   Number         0  usb_core.o ABSOLUTE
    ..\STM32_USB-FS-Device_Driver\src\usb_init.c 0x00000000   Number         0  usb_init.o ABSOLUTE
    ..\STM32_USB-FS-Device_Driver\src\usb_int.c 0x00000000   Number         0  usb_int.o ABSOLUTE
    ..\STM32_USB-FS-Device_Driver\src\usb_mem.c 0x00000000   Number         0  usb_mem.o ABSOLUTE
    ..\STM32_USB-FS-Device_Driver\src\usb_regs.c 0x00000000   Number         0  usb_regs.o ABSOLUTE
    ..\STM32_USB-FS-Device_Driver\src\usb_sil.c 0x00000000   Number         0  usb_sil.o ABSOLUTE
    ..\USER\src\hw_config.c                  0x00000000   Number         0  hw_config.o ABSOLUTE
    ..\USER\src\main.c                       0x00000000   Number         0  main.o ABSOLUTE
    ..\USER\src\stm32f10x_it.c               0x00000000   Number         0  stm32f10x_it.o ABSOLUTE
    ..\USER\src\usb_desc.c                   0x00000000   Number         0  usb_desc.o ABSOLUTE
    ..\USER\src\usb_endp.c                   0x00000000   Number         0  usb_endp.o ABSOLUTE
    ..\USER\src\usb_istr.c                   0x00000000   Number         0  usb_istr.o ABSOLUTE
    ..\USER\src\usb_prop.c                   0x00000000   Number         0  usb_prop.o ABSOLUTE
    ..\USER\src\usb_pwr.c                    0x00000000   Number         0  usb_pwr.o ABSOLUTE
    ..\\CMSIS\\core_cm3.c                    0x00000000   Number         0  core_cm3.o ABSOLUTE
    dc.s                                     0x00000000   Number         0  dc.o ABSOLUTE
    RESET                                    0x08000000   Section      304  startup_stm32f10x_hd.o(RESET)
    !!!main                                  0x08000130   Section        8  __main.o(!!!main)
    !!!scatter                               0x08000138   Section       52  __scatter.o(!!!scatter)
    !!dczerorl2                              0x0800016c   Section       90  __dczerorl2.o(!!dczerorl2)
    !!handler_zi                             0x080001c8   Section       28  __scatter_zi.o(!!handler_zi)
    .ARM.Collect$$libinit$$00000000          0x080001e4   Section        6  libinit.o(.ARM.Collect$$libinit$$00000000)
    .ARM.Collect$$libinit$$00000006          0x080001ea   Section        0  libinit2.o(.ARM.Collect$$libinit$$00000006)
    .ARM.Collect$$libinit$$00000008          0x080001ea   Section        0  libinit2.o(.ARM.Collect$$libinit$$00000008)
    .ARM.Collect$$libinit$$0000000A          0x080001ea   Section        0  libinit2.o(.ARM.Collect$$libinit$$0000000A)
    .ARM.Collect$$libinit$$0000000D          0x080001ea   Section        0  libinit2.o(.ARM.Collect$$libinit$$0000000D)
    .ARM.Collect$$libinit$$0000000F          0x080001ea   Section        0  libinit2.o(.ARM.Collect$$libinit$$0000000F)
    .ARM.Collect$$libinit$$00000011          0x080001ea   Section        0  libinit2.o(.ARM.Collect$$libinit$$00000011)
    .ARM.Collect$$libinit$$00000013          0x080001ea   Section        0  libinit2.o(.ARM.Collect$$libinit$$00000013)
    .ARM.Collect$$libinit$$00000015          0x080001ea   Section        0  libinit2.o(.ARM.Collect$$libinit$$00000015)
    .ARM.Collect$$libinit$$00000017          0x080001ea   Section        0  libinit2.o(.ARM.Collect$$libinit$$00000017)
    .ARM.Collect$$libinit$$00000019          0x080001ea   Section        0  libinit2.o(.ARM.Collect$$libinit$$00000019)
    .ARM.Collect$$libinit$$0000001B          0x080001ea   Section        0  libinit2.o(.ARM.Collect$$libinit$$0000001B)
    .ARM.Collect$$libinit$$0000001D          0x080001ea   Section        0  libinit2.o(.ARM.Collect$$libinit$$0000001D)
    .ARM.Collect$$libinit$$0000001F          0x080001ea   Section        0  libinit2.o(.ARM.Collect$$libinit$$0000001F)
    .ARM.Collect$$libinit$$00000021          0x080001ea   Section        0  libinit2.o(.ARM.Collect$$libinit$$00000021)
    .ARM.Collect$$libinit$$00000028          0x080001ea   Section        0  libinit2.o(.ARM.Collect$$libinit$$00000028)
    .ARM.Collect$$libinit$$0000002A          0x080001ea   Section        0  libinit2.o(.ARM.Collect$$libinit$$0000002A)
    .ARM.Collect$$libinit$$0000002C          0x080001ea   Section        0  libinit2.o(.ARM.Collect$$libinit$$0000002C)
    .ARM.Collect$$libinit$$0000002E          0x080001ea   Section        0  libinit2.o(.ARM.Collect$$libinit$$0000002E)
    .ARM.Collect$$libinit$$0000002F          0x080001ea   Section        2  libinit2.o(.ARM.Collect$$libinit$$0000002F)
    .ARM.Collect$$libshutdown$$00000000      0x080001ec   Section        2  libshutdown.o(.ARM.Collect$$libshutdown$$00000000)
    .ARM.Collect$$libshutdown$$00000003      0x080001ee   Section        0  libshutdown2.o(.ARM.Collect$$libshutdown$$00000003)
    .ARM.Collect$$libshutdown$$00000006      0x080001ee   Section        0  libshutdown2.o(.ARM.Collect$$libshutdown$$00000006)
    .ARM.Collect$$libshutdown$$00000009      0x080001ee   Section        0  libshutdown2.o(.ARM.Collect$$libshutdown$$00000009)
    .ARM.Collect$$libshutdown$$0000000B      0x080001ee   Section        0  libshutdown2.o(.ARM.Collect$$libshutdown$$0000000B)
    .ARM.Collect$$libshutdown$$0000000E      0x080001ee   Section        0  libshutdown2.o(.ARM.Collect$$libshutdown$$0000000E)
    .ARM.Collect$$libshutdown$$0000000F      0x080001ee   Section        2  libshutdown2.o(.ARM.Collect$$libshutdown$$0000000F)
    .ARM.Collect$$rtentry$$00000000          0x080001f0   Section        0  rtentry.o(.ARM.Collect$$rtentry$$00000000)
    .ARM.Collect$$rtentry$$00000002          0x080001f0   Section        0  rtentry2.o(.ARM.Collect$$rtentry$$00000002)
    .ARM.Collect$$rtentry$$00000004          0x080001f0   Section        6  rtentry4.o(.ARM.Collect$$rtentry$$00000004)
    .ARM.Collect$$rtentry$$00000009          0x080001f6   Section        0  rtentry2.o(.ARM.Collect$$rtentry$$00000009)
    .ARM.Collect$$rtentry$$0000000A          0x080001f6   Section        4  rtentry2.o(.ARM.Collect$$rtentry$$0000000A)
    .ARM.Collect$$rtentry$$0000000C          0x080001fa   Section        0  rtentry2.o(.ARM.Collect$$rtentry$$0000000C)
    .ARM.Collect$$rtentry$$0000000D          0x080001fa   Section        8  rtentry2.o(.ARM.Collect$$rtentry$$0000000D)
    .ARM.Collect$$rtexit$$00000000           0x08000202   Section        2  rtexit.o(.ARM.Collect$$rtexit$$00000000)
    .ARM.Collect$$rtexit$$00000002           0x08000204   Section        0  rtexit2.o(.ARM.Collect$$rtexit$$00000002)
    .ARM.Collect$$rtexit$$00000003           0x08000204   Section        4  rtexit2.o(.ARM.Collect$$rtexit$$00000003)
    .ARM.Collect$$rtexit$$00000004           0x08000208   Section        6  rtexit2.o(.ARM.Collect$$rtexit$$00000004)
    .text                                    0x08000210   Section        0  hw_config.o(.text)
    .text                                    0x0800037c   Section        0  main.o(.text)
    .text                                    0x080003bc   Section        0  stm32f10x_it.o(.text)
    .text                                    0x080003e0   Section        0  usb_endp.o(.text)
    .text                                    0x08000400   Section        0  usb_istr.o(.text)
    .text                                    0x08000478   Section        0  usb_prop.o(.text)
    .text                                    0x080006dc   Section        0  usb_pwr.o(.text)
    .text                                    0x0800084c   Section        0  usb_core.o(.text)
    DataStageOut                             0x08000c93   Thumb Code   170  usb_core.o(.text)
    DataStageIn                              0x08000d3d   Thumb Code   172  usb_core.o(.text)
    NoData_Setup0                            0x08000de9   Thumb Code   292  usb_core.o(.text)
    Data_Setup0                              0x08000f0d   Thumb Code   666  usb_core.o(.text)
    .text                                    0x080013ac   Section        0  usb_init.o(.text)
    .text                                    0x080013e8   Section        0  usb_int.o(.text)
    .text                                    0x0800171c   Section        0  usb_mem.o(.text)
    .text                                    0x08001774   Section        0  usb_regs.o(.text)
    .text                                    0x08001fd8   Section        0  usb_sil.o(.text)
    .text                                    0x08002060   Section        0  misc.o(.text)
    .text                                    0x08002158   Section        0  stm32f10x_gpio.o(.text)
    .text                                    0x080024b0   Section        0  stm32f10x_rcc.o(.text)
    .text                                    0x08002858   Section        0  system_stm32f10x.o(.text)
    SetSysClockTo72                          0x08002859   Thumb Code   192  system_stm32f10x.o(.text)
    SetSysClock                              0x08002919   Thumb Code     8  system_stm32f10x.o(.text)
    .text                                    0x08002a24   Section       64  startup_stm32f10x_hd.o(.text)
    .text                                    0x08002a64   Section        0  strlen.o(.text)
    .text                                    0x08002aa2   Section        0  heapauxi.o(.text)
    .text                                    0x08002aa8   Section       74  sys_stackheap_outer.o(.text)
    .text                                    0x08002af2   Section        0  exit.o(.text)
    .text                                    0x08002b00   Section        8  libspace.o(.text)
    .text                                    0x08002b08   Section       12  rt_fp_status_addr_intlibspace.o(.text)
    .text                                    0x08002b14   Section        0  sys_exit.o(.text)
    .text                                    0x08002b20   Section        2  use_no_semi.o(.text)
    x$fpl$fpinit                             0x08002b22   Section       14  fpinit.o(x$fpl$fpinit)
    .constdata                               0x08002b30   Section      177  usb_desc.o(.constdata)
    .data                                    0x20000000   Section       26  usb_desc.o(.data)
    .data                                    0x2000001c   Section       62  usb_istr.o(.data)
    .data                                    0x2000005c   Section      148  usb_prop.o(.data)
    .data                                    0x200000f0   Section        7  usb_pwr.o(.data)
    .data                                    0x200000f8   Section        4  usb_core.o(.data)
    .data                                    0x200000fc   Section       20  usb_init.o(.data)
    .data                                    0x20000110   Section        4  usb_int.o(.data)
    .data                                    0x20000114   Section       20  stm32f10x_rcc.o(.data)
    APBAHBPrescTable                         0x20000114   Data          16  stm32f10x_rcc.o(.data)
    ADCPrescTable                            0x20000124   Data           4  stm32f10x_rcc.o(.data)
    .data                                    0x20000128   Section       20  system_stm32f10x.o(.data)
    .bss                                     0x2000013c   Section       64  usb_endp.o(.bss)
    .bss                                     0x2000017c   Section       28  usb_init.o(.bss)
    .bss                                     0x20000198   Section       96  libspace.o(.bss)
    HEAP                                     0x200001f8   Section      512  startup_stm32f10x_hd.o(HEAP)
    Heap_Mem                                 0x200001f8   Data         512  startup_stm32f10x_hd.o(HEAP)
    STACK                                    0x200003f8   Section     1024  startup_stm32f10x_hd.o(STACK)
    Stack_Mem                                0x200003f8   Data        1024  startup_stm32f10x_hd.o(STACK)
    __initial_sp                             0x200007f8   Data           0  startup_stm32f10x_hd.o(STACK)

    Global Symbols

    Symbol Name                              Value     Ov Type        Size  Object(Section)

    BuildAttributes$$THM_ISAv4$P$D$K$B$S$PE$A:L22UL41UL21$X:L11$S22US41US21$IEEE1$IW$USESV6$~STKCKD$USESV7$~SHL$OSPACE$ROPI$EBA8$UX$STANDARDLIB$REQ8$PRES8$EABIv2 0x00000000   Number         0  anon$$obj.o ABSOLUTE
    __ARM_use_no_argv                        0x00000000   Number         0  main.o ABSOLUTE
    __ARM_exceptions_init                     - Undefined Weak Reference
    __alloca_initialize                       - Undefined Weak Reference
    __cpp_initialize__aeabi_                  - Undefined Weak Reference
    __cxa_finalize                            - Undefined Weak Reference
    __rt_locale                               - Undefined Weak Reference
    __sigvec_lookup                           - Undefined Weak Reference
    _atexit_init                              - Undefined Weak Reference
    _call_atexit_fns                          - Undefined Weak Reference
    _clock_init                               - Undefined Weak Reference
    _fp_trap_init                             - Undefined Weak Reference
    _fp_trap_shutdown                         - Undefined Weak Reference
    _get_lc_collate                           - Undefined Weak Reference
    _get_lc_ctype                             - Undefined Weak Reference
    _get_lc_monetary                          - Undefined Weak Reference
    _get_lc_numeric                           - Undefined Weak Reference
    _get_lc_time                              - Undefined Weak Reference
    _getenv_init                              - Undefined Weak Reference
    _handle_redirection                       - Undefined Weak Reference
    _init_alloc                               - Undefined Weak Reference
    _init_user_alloc                          - Undefined Weak Reference
    _initio                                   - Undefined Weak Reference
    _rand_init                                - Undefined Weak Reference
    _signal_finish                            - Undefined Weak Reference
    _signal_init                              - Undefined Weak Reference
    _terminate_alloc                          - Undefined Weak Reference
    _terminate_user_alloc                     - Undefined Weak Reference
    _terminateio                              - Undefined Weak Reference
    __Vectors_Size                           0x00000130   Number         0  startup_stm32f10x_hd.o ABSOLUTE
    __Vectors                                0x08000000   Data           4  startup_stm32f10x_hd.o(RESET)
    __Vectors_End                            0x08000130   Data           0  startup_stm32f10x_hd.o(RESET)
    __main                                   0x08000131   Thumb Code     8  __main.o(!!!main)
    __scatterload                            0x08000139   Thumb Code     0  __scatter.o(!!!scatter)
    __scatterload_rt2                        0x08000139   Thumb Code    44  __scatter.o(!!!scatter)
    __scatterload_rt2_thumb_only             0x08000139   Thumb Code     0  __scatter.o(!!!scatter)
    __scatterload_null                       0x08000147   Thumb Code     0  __scatter.o(!!!scatter)
    __decompress                             0x0800016d   Thumb Code    90  __dczerorl2.o(!!dczerorl2)
    __decompress1                            0x0800016d   Thumb Code     0  __dczerorl2.o(!!dczerorl2)
    __scatterload_zeroinit                   0x080001c9   Thumb Code    28  __scatter_zi.o(!!handler_zi)
    __rt_lib_init                            0x080001e5   Thumb Code     0  libinit.o(.ARM.Collect$$libinit$$00000000)
    __rt_lib_init_alloca_1                   0x080001eb   Thumb Code     0  libinit2.o(.ARM.Collect$$libinit$$0000002A)
    __rt_lib_init_argv_1                     0x080001eb   Thumb Code     0  libinit2.o(.ARM.Collect$$libinit$$00000028)
    __rt_lib_init_atexit_1                   0x080001eb   Thumb Code     0  libinit2.o(.ARM.Collect$$libinit$$00000017)
    __rt_lib_init_clock_1                    0x080001eb   Thumb Code     0  libinit2.o(.ARM.Collect$$libinit$$0000001D)
    __rt_lib_init_cpp_1                      0x080001eb   Thumb Code     0  libinit2.o(.ARM.Collect$$libinit$$0000002E)
    __rt_lib_init_exceptions_1               0x080001eb   Thumb Code     0  libinit2.o(.ARM.Collect$$libinit$$0000002C)
    __rt_lib_init_fp_trap_1                  0x080001eb   Thumb Code     0  libinit2.o(.ARM.Collect$$libinit$$0000001B)
    __rt_lib_init_getenv_1                   0x080001eb   Thumb Code     0  libinit2.o(.ARM.Collect$$libinit$$0000001F)
    __rt_lib_init_heap_1                     0x080001eb   Thumb Code     0  libinit2.o(.ARM.Collect$$libinit$$00000006)
    __rt_lib_init_lc_collate_1               0x080001eb   Thumb Code     0  libinit2.o(.ARM.Collect$$libinit$$0000000D)
    __rt_lib_init_lc_ctype_1                 0x080001eb   Thumb Code     0  libinit2.o(.ARM.Collect$$libinit$$0000000F)
    __rt_lib_init_lc_monetary_1              0x080001eb   Thumb Code     0  libinit2.o(.ARM.Collect$$libinit$$00000011)
    __rt_lib_init_lc_numeric_1               0x080001eb   Thumb Code     0  libinit2.o(.ARM.Collect$$libinit$$00000013)
    __rt_lib_init_lc_time_1                  0x080001eb   Thumb Code     0  libinit2.o(.ARM.Collect$$libinit$$00000015)
    __rt_lib_init_rand_1                     0x080001eb   Thumb Code     0  libinit2.o(.ARM.Collect$$libinit$$0000000A)
    __rt_lib_init_return                     0x080001eb   Thumb Code     0  libinit2.o(.ARM.Collect$$libinit$$0000002F)
    __rt_lib_init_signal_1                   0x080001eb   Thumb Code     0  libinit2.o(.ARM.Collect$$libinit$$00000019)
    __rt_lib_init_stdio_1                    0x080001eb   Thumb Code     0  libinit2.o(.ARM.Collect$$libinit$$00000021)
    __rt_lib_init_user_alloc_1               0x080001eb   Thumb Code     0  libinit2.o(.ARM.Collect$$libinit$$00000008)
    __rt_lib_shutdown                        0x080001ed   Thumb Code     0  libshutdown.o(.ARM.Collect$$libshutdown$$00000000)
    __rt_lib_shutdown_fp_trap_1              0x080001ef   Thumb Code     0  libshutdown2.o(.ARM.Collect$$libshutdown$$00000006)
    __rt_lib_shutdown_heap_1                 0x080001ef   Thumb Code     0  libshutdown2.o(.ARM.Collect$$libshutdown$$0000000E)
    __rt_lib_shutdown_return                 0x080001ef   Thumb Code     0  libshutdown2.o(.ARM.Collect$$libshutdown$$0000000F)
    __rt_lib_shutdown_signal_1               0x080001ef   Thumb Code     0  libshutdown2.o(.ARM.Collect$$libshutdown$$00000009)
    __rt_lib_shutdown_stdio_1                0x080001ef   Thumb Code     0  libshutdown2.o(.ARM.Collect$$libshutdown$$00000003)
    __rt_lib_shutdown_user_alloc_1           0x080001ef   Thumb Code     0  libshutdown2.o(.ARM.Collect$$libshutdown$$0000000B)
    __rt_entry                               0x080001f1   Thumb Code     0  rtentry.o(.ARM.Collect$$rtentry$$00000000)
    __rt_entry_presh_1                       0x080001f1   Thumb Code     0  rtentry2.o(.ARM.Collect$$rtentry$$00000002)
    __rt_entry_sh                            0x080001f1   Thumb Code     0  rtentry4.o(.ARM.Collect$$rtentry$$00000004)
    __rt_entry_li                            0x080001f7   Thumb Code     0  rtentry2.o(.ARM.Collect$$rtentry$$0000000A)
    __rt_entry_postsh_1                      0x080001f7   Thumb Code     0  rtentry2.o(.ARM.Collect$$rtentry$$00000009)
    __rt_entry_main                          0x080001fb   Thumb Code     0  rtentry2.o(.ARM.Collect$$rtentry$$0000000D)
    __rt_entry_postli_1                      0x080001fb   Thumb Code     0  rtentry2.o(.ARM.Collect$$rtentry$$0000000C)
    __rt_exit                                0x08000203   Thumb Code     0  rtexit.o(.ARM.Collect$$rtexit$$00000000)
    __rt_exit_ls                             0x08000205   Thumb Code     0  rtexit2.o(.ARM.Collect$$rtexit$$00000003)
    __rt_exit_prels_1                        0x08000205   Thumb Code     0  rtexit2.o(.ARM.Collect$$rtexit$$00000002)
    __rt_exit_exit                           0x08000209   Thumb Code     0  rtexit2.o(.ARM.Collect$$rtexit$$00000004)
    USB_GPIO_Config                          0x08000211   Thumb Code    84  hw_config.o(.text)
    Set_System                               0x08000265   Thumb Code    12  hw_config.o(.text)
    Set_USBClock                             0x08000271   Thumb Code    18  hw_config.o(.text)
    Enter_LowPowerMode                       0x08000283   Thumb Code     2  hw_config.o(.text)
    Leave_LowPowerMode                       0x08000285   Thumb Code     2  hw_config.o(.text)
    USB_Interrupts_Config                    0x08000287   Thumb Code    40  hw_config.o(.text)
    USB_Cable_Config                         0x080002af   Thumb Code    30  hw_config.o(.text)
    USART_Config_Default                     0x080002cd   Thumb Code     2  hw_config.o(.text)
    USART_Config                             0x080002cf   Thumb Code     4  hw_config.o(.text)
    USB_To_USART_Send_Data                   0x080002d3   Thumb Code     2  hw_config.o(.text)
    USART_To_USB_Send_Data                   0x080002d5   Thumb Code     2  hw_config.o(.text)
    USB_Send_Data                            0x080002d7   Thumb Code    32  hw_config.o(.text)
    USB_Send_Buf                             0x080002f7   Thumb Code    46  hw_config.o(.text)
    Get_SerialNum                            0x08000325   Thumb Code    64  hw_config.o(.text)
    main                                     0x0800037d   Thumb Code    36  main.o(.text)
    NMI_Handler                              0x080003bd   Thumb Code     2  stm32f10x_it.o(.text)
    HardFault_Handler                        0x080003bf   Thumb Code     4  stm32f10x_it.o(.text)
    MemManage_Handler                        0x080003c3   Thumb Code     4  stm32f10x_it.o(.text)
    BusFault_Handler                         0x080003c7   Thumb Code     4  stm32f10x_it.o(.text)
    UsageFault_Handler                       0x080003cb   Thumb Code     4  stm32f10x_it.o(.text)
    SVC_Handler                              0x080003cf   Thumb Code     2  stm32f10x_it.o(.text)
    DebugMon_Handler                         0x080003d1   Thumb Code     2  stm32f10x_it.o(.text)
    PendSV_Handler                           0x080003d3   Thumb Code     2  stm32f10x_it.o(.text)
    SysTick_Handler                          0x080003d5   Thumb Code     2  stm32f10x_it.o(.text)
    USB_LP_CAN1_RX0_IRQHandler               0x080003d7   Thumb Code     8  stm32f10x_it.o(.text)
    USART1_IRQHandler                        0x080003df   Thumb Code     2  stm32f10x_it.o(.text)
    EP3_OUT_Callback                         0x080003e1   Thumb Code    26  usb_endp.o(.text)
    EP1_IN_Callback                          0x080003fb   Thumb Code     2  usb_endp.o(.text)
    USB_Istr                                 0x08000401   Thumb Code    98  usb_istr.o(.text)
    Virtual_Com_Port_init                    0x08000479   Thumb Code    54  usb_prop.o(.text)
    Virtual_Com_Port_Reset                   0x080004af   Thumb Code   216  usb_prop.o(.text)
    Virtual_Com_Port_SetConfiguration        0x08000587   Thumb Code    14  usb_prop.o(.text)
    Virtual_Com_Port_SetDeviceAddress        0x08000595   Thumb Code     8  usb_prop.o(.text)
    Virtual_Com_Port_Status_In               0x0800059d   Thumb Code    22  usb_prop.o(.text)
    Virtual_Com_Port_Status_Out              0x080005b3   Thumb Code     2  usb_prop.o(.text)
    Virtual_Com_Port_SetLineCoding           0x080005b5   Thumb Code    20  usb_prop.o(.text)
    Virtual_Com_Port_GetLineCoding           0x080005c9   Thumb Code    20  usb_prop.o(.text)
    Virtual_Com_Port_Data_Setup              0x080005dd   Thumb Code    86  usb_prop.o(.text)
    Virtual_Com_Port_NoData_Setup            0x08000633   Thumb Code    36  usb_prop.o(.text)
    Virtual_Com_Port_GetDeviceDescriptor     0x08000657   Thumb Code    14  usb_prop.o(.text)
    Virtual_Com_Port_GetConfigDescriptor     0x08000665   Thumb Code    14  usb_prop.o(.text)
    Virtual_Com_Port_GetStringDescriptor     0x08000673   Thumb Code    32  usb_prop.o(.text)
    Virtual_Com_Port_Get_Interface_Setting   0x08000693   Thumb Code    22  usb_prop.o(.text)
    PowerOn                                  0x080006dd   Thumb Code    64  usb_pwr.o(.text)
    PowerOff                                 0x0800071d   Thumb Code    34  usb_pwr.o(.text)
    Suspend                                  0x0800073f   Thumb Code    40  usb_pwr.o(.text)
    Resume_Init                              0x08000767   Thumb Code    32  usb_pwr.o(.text)
    Resume                                   0x08000787   Thumb Code   178  usb_pwr.o(.text)
    Standard_GetConfiguration                0x0800084d   Thumb Code    34  usb_core.o(.text)
    Standard_SetConfiguration                0x0800086f   Thumb Code    60  usb_core.o(.text)
    Standard_GetInterface                    0x080008ab   Thumb Code    34  usb_core.o(.text)
    Standard_SetInterface                    0x080008cd   Thumb Code    96  usb_core.o(.text)
    Standard_GetStatus                       0x0800092d   Thumb Code   238  usb_core.o(.text)
    Standard_ClearFeature                    0x08000a1b   Thumb Code   346  usb_core.o(.text)
    Standard_SetEndPointFeature              0x08000b75   Thumb Code   224  usb_core.o(.text)
    Standard_SetDeviceFeature                0x08000c55   Thumb Code    30  usb_core.o(.text)
    Standard_GetDescriptorData               0x08000c73   Thumb Code    32  usb_core.o(.text)
    Post0_Process                            0x080011a7   Thumb Code    56  usb_core.o(.text)
    Setup0_Process                           0x080011df   Thumb Code   172  usb_core.o(.text)
    SetDeviceAddress                         0x0800128b   Thumb Code    70  usb_core.o(.text)
    In0_Process                              0x080012d1   Thumb Code    98  usb_core.o(.text)
    Out0_Process                             0x08001333   Thumb Code    70  usb_core.o(.text)
    NOP_Process                              0x08001379   Thumb Code     2  usb_core.o(.text)
    USB_Init                                 0x080013ad   Thumb Code    36  usb_init.o(.text)
    CTR_LP                                   0x080013e9   Thumb Code   610  usb_int.o(.text)
    CTR_HP                                   0x0800164b   Thumb Code   174  usb_int.o(.text)
    UserToPMABufferCopy                      0x0800171d   Thumb Code    52  usb_mem.o(.text)
    PMAToUserBufferCopy                      0x08001751   Thumb Code    32  usb_mem.o(.text)
    SetCNTR                                  0x08001775   Thumb Code     6  usb_regs.o(.text)
    GetCNTR                                  0x0800177b   Thumb Code     8  usb_regs.o(.text)
    SetISTR                                  0x08001783   Thumb Code     6  usb_regs.o(.text)
    GetISTR                                  0x08001789   Thumb Code     8  usb_regs.o(.text)
    GetFNR                                   0x08001791   Thumb Code     8  usb_regs.o(.text)
    SetDADDR                                 0x08001799   Thumb Code     6  usb_regs.o(.text)
    GetDADDR                                 0x0800179f   Thumb Code     8  usb_regs.o(.text)
    SetBTABLE                                0x080017a7   Thumb Code    12  usb_regs.o(.text)
    GetBTABLE                                0x080017b3   Thumb Code     8  usb_regs.o(.text)
    SetENDPOINT                              0x080017bb   Thumb Code    12  usb_regs.o(.text)
    GetENDPOINT                              0x080017c7   Thumb Code    16  usb_regs.o(.text)
    SetEPType                                0x080017d7   Thumb Code    32  usb_regs.o(.text)
    GetEPType                                0x080017f7   Thumb Code    18  usb_regs.o(.text)
    SetEPTxStatus                            0x08001809   Thumb Code    62  usb_regs.o(.text)
    SetEPRxStatus                            0x08001847   Thumb Code    62  usb_regs.o(.text)
    SetDouBleBuffEPStall                     0x08001885   Thumb Code    54  usb_regs.o(.text)
    GetEPTxStatus                            0x080018bb   Thumb Code    18  usb_regs.o(.text)
    GetEPRxStatus                            0x080018cd   Thumb Code    18  usb_regs.o(.text)
    SetEPTxValid                             0x080018df   Thumb Code    48  usb_regs.o(.text)
    SetEPRxValid                             0x0800190f   Thumb Code    48  usb_regs.o(.text)
    SetEP_KIND                               0x0800193f   Thumb Code    40  usb_regs.o(.text)
    ClearEP_KIND                             0x08001967   Thumb Code    36  usb_regs.o(.text)
    Clear_Status_Out                         0x0800198b   Thumb Code    36  usb_regs.o(.text)
    Set_Status_Out                           0x080019af   Thumb Code    40  usb_regs.o(.text)
    SetEPDoubleBuff                          0x080019d7   Thumb Code    40  usb_regs.o(.text)
    ClearEPDoubleBuff                        0x080019ff   Thumb Code    36  usb_regs.o(.text)
    GetTxStallStatus                         0x08001a23   Thumb Code    30  usb_regs.o(.text)
    GetRxStallStatus                         0x08001a41   Thumb Code    32  usb_regs.o(.text)
    ClearEP_CTR_RX                           0x08001a61   Thumb Code    32  usb_regs.o(.text)
    ClearEP_CTR_TX                           0x08001a81   Thumb Code    30  usb_regs.o(.text)
    ToggleDTOG_RX                            0x08001a9f   Thumb Code    36  usb_regs.o(.text)
    ToggleDTOG_TX                            0x08001ac3   Thumb Code    36  usb_regs.o(.text)
    ClearDTOG_RX                             0x08001ae7   Thumb Code    52  usb_regs.o(.text)
    ClearDTOG_TX                             0x08001b1b   Thumb Code    52  usb_regs.o(.text)
    SetEPAddress                             0x08001b4f   Thumb Code    62  usb_regs.o(.text)
    GetEPAddress                             0x08001b8d   Thumb Code    18  usb_regs.o(.text)
    SetEPTxAddr                              0x08001b9f   Thumb Code    24  usb_regs.o(.text)
    SetEPRxAddr                              0x08001bb7   Thumb Code    28  usb_regs.o(.text)
    GetEPTxAddr                              0x08001bd3   Thumb Code    22  usb_regs.o(.text)
    GetEPRxAddr                              0x08001be9   Thumb Code    26  usb_regs.o(.text)
    SetEPTxCount                             0x08001c03   Thumb Code    22  usb_regs.o(.text)
    SetEPCountRxReg                          0x08001c19   Thumb Code    48  usb_regs.o(.text)
    SetEPRxCount                             0x08001c49   Thumb Code    70  usb_regs.o(.text)
    GetEPTxCount                             0x08001c8f   Thumb Code    28  usb_regs.o(.text)
    GetEPRxCount                             0x08001cab   Thumb Code    28  usb_regs.o(.text)
    SetEPDblBuffAddr                         0x08001cc7   Thumb Code    52  usb_regs.o(.text)
    SetEPDblBuf0Addr                         0x08001cfb   Thumb Code    24  usb_regs.o(.text)
    SetEPDblBuf1Addr                         0x08001d13   Thumb Code    28  usb_regs.o(.text)
    GetEPDblBuf0Addr                         0x08001d2f   Thumb Code    22  usb_regs.o(.text)
    GetEPDblBuf1Addr                         0x08001d45   Thumb Code    26  usb_regs.o(.text)
    SetEPDblBuffCount                        0x08001d5f   Thumb Code   194  usb_regs.o(.text)
    SetEPDblBuf0Count                        0x08001e21   Thumb Code   100  usb_regs.o(.text)
    SetEPDblBuf1Count                        0x08001e85   Thumb Code   100  usb_regs.o(.text)
    GetEPDblBuf0Count                        0x08001ee9   Thumb Code    28  usb_regs.o(.text)
    GetEPDblBuf1Count                        0x08001f05   Thumb Code    28  usb_regs.o(.text)
    GetEPDblBufDir                           0x08001f21   Thumb Code    66  usb_regs.o(.text)
    FreeUserBuffer                           0x08001f63   Thumb Code    94  usb_regs.o(.text)
    ToWord                                   0x08001fc1   Thumb Code     8  usb_regs.o(.text)
    ByteSwap                                 0x08001fc9   Thumb Code    12  usb_regs.o(.text)
    USB_SIL_Init                             0x08001fd9   Thumb Code    30  usb_sil.o(.text)
    USB_SIL_Write                            0x08001ff7   Thumb Code    46  usb_sil.o(.text)
    USB_SIL_Read                             0x08002025   Thumb Code    46  usb_sil.o(.text)
    NVIC_PriorityGroupConfig                 0x08002061   Thumb Code    10  misc.o(.text)
    NVIC_Init                                0x0800206b   Thumb Code   118  misc.o(.text)
    NVIC_SetVectorTable                      0x080020e1   Thumb Code    12  misc.o(.text)
    NVIC_SystemLPConfig                      0x080020ed   Thumb Code    38  misc.o(.text)
    SysTick_CLKSourceConfig                  0x08002113   Thumb Code    40  misc.o(.text)
    GPIO_DeInit                              0x08002159   Thumb Code   172  stm32f10x_gpio.o(.text)
    GPIO_AFIODeInit                          0x08002205   Thumb Code    20  stm32f10x_gpio.o(.text)
    GPIO_Init                                0x08002219   Thumb Code   274  stm32f10x_gpio.o(.text)
    GPIO_StructInit                          0x0800232b   Thumb Code    16  stm32f10x_gpio.o(.text)
    GPIO_ReadInputDataBit                    0x0800233b   Thumb Code    18  stm32f10x_gpio.o(.text)
    GPIO_ReadInputData                       0x0800234d   Thumb Code     8  stm32f10x_gpio.o(.text)
    GPIO_ReadOutputDataBit                   0x08002355   Thumb Code    18  stm32f10x_gpio.o(.text)
    GPIO_ReadOutputData                      0x08002367   Thumb Code     8  stm32f10x_gpio.o(.text)
    GPIO_SetBits                             0x0800236f   Thumb Code     4  stm32f10x_gpio.o(.text)
    GPIO_ResetBits                           0x08002373   Thumb Code     4  stm32f10x_gpio.o(.text)
    GPIO_WriteBit                            0x08002377   Thumb Code    10  stm32f10x_gpio.o(.text)
    GPIO_Write                               0x08002381   Thumb Code     4  stm32f10x_gpio.o(.text)
    GPIO_PinLockConfig                       0x08002385   Thumb Code    18  stm32f10x_gpio.o(.text)
    GPIO_EventOutputConfig                   0x08002397   Thumb Code    26  stm32f10x_gpio.o(.text)
    GPIO_EventOutputCmd                      0x080023b1   Thumb Code     6  stm32f10x_gpio.o(.text)
    GPIO_PinRemapConfig                      0x080023b7   Thumb Code   138  stm32f10x_gpio.o(.text)
    GPIO_EXTILineConfig                      0x08002441   Thumb Code    66  stm32f10x_gpio.o(.text)
    GPIO_ETH_MediaInterfaceConfig            0x08002483   Thumb Code     6  stm32f10x_gpio.o(.text)
    RCC_DeInit                               0x080024b1   Thumb Code    64  stm32f10x_rcc.o(.text)
    RCC_HSEConfig                            0x080024f1   Thumb Code    70  stm32f10x_rcc.o(.text)
    RCC_GetFlagStatus                        0x08002537   Thumb Code    56  stm32f10x_rcc.o(.text)
    RCC_WaitForHSEStartUp                    0x0800256f   Thumb Code    48  stm32f10x_rcc.o(.text)
    RCC_AdjustHSICalibrationValue            0x0800259f   Thumb Code    20  stm32f10x_rcc.o(.text)
    RCC_HSICmd                               0x080025b3   Thumb Code     6  stm32f10x_rcc.o(.text)
    RCC_PLLConfig                            0x080025b9   Thumb Code    24  stm32f10x_rcc.o(.text)
    RCC_PLLCmd                               0x080025d1   Thumb Code     6  stm32f10x_rcc.o(.text)
    RCC_SYSCLKConfig                         0x080025d7   Thumb Code    18  stm32f10x_rcc.o(.text)
    RCC_GetSYSCLKSource                      0x080025e9   Thumb Code    10  stm32f10x_rcc.o(.text)
    RCC_HCLKConfig                           0x080025f3   Thumb Code    18  stm32f10x_rcc.o(.text)
    RCC_PCLK1Config                          0x08002605   Thumb Code    18  stm32f10x_rcc.o(.text)
    RCC_PCLK2Config                          0x08002617   Thumb Code    20  stm32f10x_rcc.o(.text)
    RCC_ITConfig                             0x0800262b   Thumb Code    30  stm32f10x_rcc.o(.text)
    RCC_USBCLKConfig                         0x08002649   Thumb Code     6  stm32f10x_rcc.o(.text)
    RCC_ADCCLKConfig                         0x0800264f   Thumb Code    18  stm32f10x_rcc.o(.text)
    RCC_LSEConfig                            0x08002661   Thumb Code    44  stm32f10x_rcc.o(.text)
    RCC_LSICmd                               0x0800268d   Thumb Code     6  stm32f10x_rcc.o(.text)
    RCC_RTCCLKConfig                         0x08002693   Thumb Code    12  stm32f10x_rcc.o(.text)
    RCC_RTCCLKCmd                            0x0800269f   Thumb Code     6  stm32f10x_rcc.o(.text)
    RCC_GetClocksFreq                        0x080026a5   Thumb Code   192  stm32f10x_rcc.o(.text)
    RCC_AHBPeriphClockCmd                    0x08002765   Thumb Code    26  stm32f10x_rcc.o(.text)
    RCC_APB2PeriphClockCmd                   0x0800277f   Thumb Code    26  stm32f10x_rcc.o(.text)
    RCC_APB1PeriphClockCmd                   0x08002799   Thumb Code    26  stm32f10x_rcc.o(.text)
    RCC_APB2PeriphResetCmd                   0x080027b3   Thumb Code    26  stm32f10x_rcc.o(.text)
    RCC_APB1PeriphResetCmd                   0x080027cd   Thumb Code    26  stm32f10x_rcc.o(.text)
    RCC_BackupResetCmd                       0x080027e7   Thumb Code     6  stm32f10x_rcc.o(.text)
    RCC_ClockSecuritySystemCmd               0x080027ed   Thumb Code     6  stm32f10x_rcc.o(.text)
    RCC_MCOConfig                            0x080027f3   Thumb Code     6  stm32f10x_rcc.o(.text)
    RCC_ClearFlag                            0x080027f9   Thumb Code    14  stm32f10x_rcc.o(.text)
    RCC_GetITStatus                          0x08002807   Thumb Code    20  stm32f10x_rcc.o(.text)
    RCC_ClearITPendingBit                    0x0800281b   Thumb Code     6  stm32f10x_rcc.o(.text)
    SystemInit                               0x08002921   Thumb Code    78  system_stm32f10x.o(.text)
    SystemCoreClockUpdate                    0x0800296f   Thumb Code   142  system_stm32f10x.o(.text)
    Reset_Handler                            0x08002a25   Thumb Code     8  startup_stm32f10x_hd.o(.text)
    ADC1_2_IRQHandler                        0x08002a3f   Thumb Code     0  startup_stm32f10x_hd.o(.text)
    ADC3_IRQHandler                          0x08002a3f   Thumb Code     0  startup_stm32f10x_hd.o(.text)
    CAN1_RX1_IRQHandler                      0x08002a3f   Thumb Code     0  startup_stm32f10x_hd.o(.text)
    CAN1_SCE_IRQHandler                      0x08002a3f   Thumb Code     0  startup_stm32f10x_hd.o(.text)
    DMA1_Channel1_IRQHandler                 0x08002a3f   Thumb Code     0  startup_stm32f10x_hd.o(.text)
    DMA1_Channel2_IRQHandler                 0x08002a3f   Thumb Code     0  startup_stm32f10x_hd.o(.text)
    DMA1_Channel3_IRQHandler                 0x08002a3f   Thumb Code     0  startup_stm32f10x_hd.o(.text)
    DMA1_Channel4_IRQHandler                 0x08002a3f   Thumb Code     0  startup_stm32f10x_hd.o(.text)
    DMA1_Channel5_IRQHandler                 0x08002a3f   Thumb Code     0  startup_stm32f10x_hd.o(.text)
    DMA1_Channel6_IRQHandler                 0x08002a3f   Thumb Code     0  startup_stm32f10x_hd.o(.text)
    DMA1_Channel7_IRQHandler                 0x08002a3f   Thumb Code     0  startup_stm32f10x_hd.o(.text)
    DMA2_Channel1_IRQHandler                 0x08002a3f   Thumb Code     0  startup_stm32f10x_hd.o(.text)
    DMA2_Channel2_IRQHandler                 0x08002a3f   Thumb Code     0  startup_stm32f10x_hd.o(.text)
    DMA2_Channel3_IRQHandler                 0x08002a3f   Thumb Code     0  startup_stm32f10x_hd.o(.text)
    DMA2_Channel4_5_IRQHandler               0x08002a3f   Thumb Code     0  startup_stm32f10x_hd.o(.text)
    EXTI0_IRQHandler                         0x08002a3f   Thumb Code     0  startup_stm32f10x_hd.o(.text)
    EXTI15_10_IRQHandler                     0x08002a3f   Thumb Code     0  startup_stm32f10x_hd.o(.text)
    EXTI1_IRQHandler                         0x08002a3f   Thumb Code     0  startup_stm32f10x_hd.o(.text)
    EXTI2_IRQHandler                         0x08002a3f   Thumb Code     0  startup_stm32f10x_hd.o(.text)
    EXTI3_IRQHandler                         0x08002a3f   Thumb Code     0  startup_stm32f10x_hd.o(.text)
    EXTI4_IRQHandler                         0x08002a3f   Thumb Code     0  startup_stm32f10x_hd.o(.text)
    EXTI9_5_IRQHandler                       0x08002a3f   Thumb Code     0  startup_stm32f10x_hd.o(.text)
    FLASH_IRQHandler                         0x08002a3f   Thumb Code     0  startup_stm32f10x_hd.o(.text)
    FSMC_IRQHandler                          0x08002a3f   Thumb Code     0  startup_stm32f10x_hd.o(.text)
    I2C1_ER_IRQHandler                       0x08002a3f   Thumb Code     0  startup_stm32f10x_hd.o(.text)
    I2C1_EV_IRQHandler                       0x08002a3f   Thumb Code     0  startup_stm32f10x_hd.o(.text)
    I2C2_ER_IRQHandler                       0x08002a3f   Thumb Code     0  startup_stm32f10x_hd.o(.text)
    I2C2_EV_IRQHandler                       0x08002a3f   Thumb Code     0  startup_stm32f10x_hd.o(.text)
    PVD_IRQHandler                           0x08002a3f   Thumb Code     0  startup_stm32f10x_hd.o(.text)
    RCC_IRQHandler                           0x08002a3f   Thumb Code     0  startup_stm32f10x_hd.o(.text)
    RTCAlarm_IRQHandler                      0x08002a3f   Thumb Code     0  startup_stm32f10x_hd.o(.text)
    RTC_IRQHandler                           0x08002a3f   Thumb Code     0  startup_stm32f10x_hd.o(.text)
    SDIO_IRQHandler                          0x08002a3f   Thumb Code     0  startup_stm32f10x_hd.o(.text)
    SPI1_IRQHandler                          0x08002a3f   Thumb Code     0  startup_stm32f10x_hd.o(.text)
    SPI2_IRQHandler                          0x08002a3f   Thumb Code     0  startup_stm32f10x_hd.o(.text)
    SPI3_IRQHandler                          0x08002a3f   Thumb Code     0  startup_stm32f10x_hd.o(.text)
    TAMPER_IRQHandler                        0x08002a3f   Thumb Code     0  startup_stm32f10x_hd.o(.text)
    TIM1_BRK_IRQHandler                      0x08002a3f   Thumb Code     0  startup_stm32f10x_hd.o(.text)
    TIM1_CC_IRQHandler                       0x08002a3f   Thumb Code     0  startup_stm32f10x_hd.o(.text)
    TIM1_TRG_COM_IRQHandler                  0x08002a3f   Thumb Code     0  startup_stm32f10x_hd.o(.text)
    TIM1_UP_IRQHandler                       0x08002a3f   Thumb Code     0  startup_stm32f10x_hd.o(.text)
    TIM2_IRQHandler                          0x08002a3f   Thumb Code     0  startup_stm32f10x_hd.o(.text)
    TIM3_IRQHandler                          0x08002a3f   Thumb Code     0  startup_stm32f10x_hd.o(.text)
    TIM4_IRQHandler                          0x08002a3f   Thumb Code     0  startup_stm32f10x_hd.o(.text)
    TIM5_IRQHandler                          0x08002a3f   Thumb Code     0  startup_stm32f10x_hd.o(.text)
    TIM6_IRQHandler                          0x08002a3f   Thumb Code     0  startup_stm32f10x_hd.o(.text)
    TIM7_IRQHandler                          0x08002a3f   Thumb Code     0  startup_stm32f10x_hd.o(.text)
    TIM8_BRK_IRQHandler                      0x08002a3f   Thumb Code     0  startup_stm32f10x_hd.o(.text)
    TIM8_CC_IRQHandler                       0x08002a3f   Thumb Code     0  startup_stm32f10x_hd.o(.text)
    TIM8_TRG_COM_IRQHandler                  0x08002a3f   Thumb Code     0  startup_stm32f10x_hd.o(.text)
    TIM8_UP_IRQHandler                       0x08002a3f   Thumb Code     0  startup_stm32f10x_hd.o(.text)
    UART4_IRQHandler                         0x08002a3f   Thumb Code     0  startup_stm32f10x_hd.o(.text)
    UART5_IRQHandler                         0x08002a3f   Thumb Code     0  startup_stm32f10x_hd.o(.text)
    USART2_IRQHandler                        0x08002a3f   Thumb Code     0  startup_stm32f10x_hd.o(.text)
    USART3_IRQHandler                        0x08002a3f   Thumb Code     0  startup_stm32f10x_hd.o(.text)
    USBWakeUp_IRQHandler                     0x08002a3f   Thumb Code     0  startup_stm32f10x_hd.o(.text)
    USB_HP_CAN1_TX_IRQHandler                0x08002a3f   Thumb Code     0  startup_stm32f10x_hd.o(.text)
    WWDG_IRQHandler                          0x08002a3f   Thumb Code     0  startup_stm32f10x_hd.o(.text)
    __user_initial_stackheap                 0x08002a41   Thumb Code     0  startup_stm32f10x_hd.o(.text)
    strlen                                   0x08002a65   Thumb Code    62  strlen.o(.text)
    __use_two_region_memory                  0x08002aa3   Thumb Code     2  heapauxi.o(.text)
    __rt_heap_escrow$2region                 0x08002aa5   Thumb Code     2  heapauxi.o(.text)
    __rt_heap_expand$2region                 0x08002aa7   Thumb Code     2  heapauxi.o(.text)
    __user_setup_stackheap                   0x08002aa9   Thumb Code    74  sys_stackheap_outer.o(.text)
    exit                                     0x08002af3   Thumb Code    12  exit.o(.text)
    __user_libspace                          0x08002b01   Thumb Code     8  libspace.o(.text)
    __user_perproc_libspace                  0x08002b01   Thumb Code     0  libspace.o(.text)
    __user_perthread_libspace                0x08002b01   Thumb Code     0  libspace.o(.text)
    __rt_fp_status_addr                      0x08002b09   Thumb Code    12  rt_fp_status_addr_intlibspace.o(.text)
    _sys_exit                                0x08002b15   Thumb Code     8  sys_exit.o(.text)
    __I$use$semihosting                      0x08002b21   Thumb Code     0  use_no_semi.o(.text)
    __use_no_semihosting_swi                 0x08002b21   Thumb Code     2  use_no_semi.o(.text)
    _fp_init                                 0x08002b23   Thumb Code    14  fpinit.o(x$fpl$fpinit)
    __fplib_config_pureend_doubles           0x08002b2f   Thumb Code     0  fpinit.o(x$fpl$fpinit)
    Virtual_Com_Port_DeviceDescriptor        0x08002b30   Data          18  usb_desc.o(.constdata)
    Virtual_Com_Port_ConfigDescriptor        0x08002b42   Data          67  usb_desc.o(.constdata)
    Virtual_Com_Port_StringLangID            0x08002b85   Data           4  usb_desc.o(.constdata)
    Virtual_Com_Port_StringVendor            0x08002b89   Data          38  usb_desc.o(.constdata)
    Virtual_Com_Port_StringProduct           0x08002baf   Data          50  usb_desc.o(.constdata)
    Region$$Table$$Base                      0x08002be4   Number         0  anon$$obj.o(Region$$Table)
    Region$$Table$$Limit                     0x08002c04   Number         0  anon$$obj.o(Region$$Table)
    Virtual_Com_Port_StringSerial            0x20000000   Data          26  usb_desc.o(.data)
    bIntPackSOF                              0x2000001c   Data           1  usb_istr.o(.data)
    pEpInt_IN                                0x20000020   Data          28  usb_istr.o(.data)
    pEpInt_OUT                               0x2000003c   Data          28  usb_istr.o(.data)
    wIstr                                    0x20000058   Data           2  usb_istr.o(.data)
    Request                                  0x2000005c   Data           1  usb_prop.o(.data)
    linecoding                               0x20000060   Data           8  usb_prop.o(.data)
    Device_Table                             0x20000068   Data           2  usb_prop.o(.data)
    Device_Property                          0x2000006c   Data          48  usb_prop.o(.data)
    User_Standard_Requests                   0x2000009c   Data          36  usb_prop.o(.data)
    Device_Descriptor                        0x200000c0   Data           8  usb_prop.o(.data)
    Config_Descriptor                        0x200000c8   Data           8  usb_prop.o(.data)
    String_Descriptor                        0x200000d0   Data          32  usb_prop.o(.data)
    bDeviceState                             0x200000f0   Data           4  usb_pwr.o(.data)
    fSuspendEnabled                          0x200000f4   Data           1  usb_pwr.o(.data)
    ResumeS                                  0x200000f5   Data           2  usb_pwr.o(.data)
    Data_Mul_MaxPacketSize                   0x200000f8   Data           1  usb_core.o(.data)
    StatusInfo                               0x200000fa   Data           2  usb_core.o(.data)
    EPindex                                  0x200000fc   Data           1  usb_init.o(.data)
    pInformation                             0x20000100   Data           4  usb_init.o(.data)
    pProperty                                0x20000104   Data           4  usb_init.o(.data)
    SaveState                                0x20000108   Data           2  usb_init.o(.data)
    wInterrupt_Mask                          0x2000010a   Data           2  usb_init.o(.data)
    pUser_Standard_Requests                  0x2000010c   Data           4  usb_init.o(.data)
    SaveRState                               0x20000110   Data           2  usb_int.o(.data)
    SaveTState                               0x20000112   Data           2  usb_int.o(.data)
    SystemCoreClock                          0x20000128   Data           4  system_stm32f10x.o(.data)
    AHBPrescTable                            0x2000012c   Data          16  system_stm32f10x.o(.data)
    USB_Rx_Buffer                            0x2000013c   Data          64  usb_endp.o(.bss)
    Device_Info                              0x2000017c   Data          28  usb_init.o(.bss)
    __libspace_start                         0x20000198   Data          96  libspace.o(.bss)
    __temporary_stack_top$libspace           0x200001f8   Data           0  libspace.o(.bss)



==============================================================================

Memory Map of the image

  Image Entry point : 0x08000131

  Load Region LR_IROM1 (Base: 0x08000000, Size: 0x00002d40, Max: 0x00080000, ABSOLUTE, COMPRESSED[0x00002c94])

    Execution Region ER_IROM1 (Base: 0x08000000, Size: 0x00002c04, Max: 0x00080000, ABSOLUTE)

    Base Addr    Size         Type   Attr      Idx    E Section Name        Object

    0x08000000   0x00000130   Data   RO          378    RESET               startup_stm32f10x_hd.o
    0x08000130   0x00000008   Code   RO          389  * !!!main             c_w.l(__main.o)(c_w.l)
    0x08000138   0x00000034   Code   RO          553    !!!scatter          c_w.l(__scatter.o)(c_w.l)
    0x0800016c   0x0000005a   Code   RO          551    !!dczerorl2         c_w.l(__dczerorl2.o)(c_w.l)
    0x080001c6   0x00000002   PAD
    0x080001c8   0x0000001c   Code   RO          555    !!handler_zi        c_w.l(__scatter_zi.o)(c_w.l)
    0x080001e4   0x00000006   Code   RO          421    .ARM.Collect$$libinit$$00000000  c_w.l(libinit.o)(c_w.l)
    0x080001ea   0x00000000   Code   RO          429    .ARM.Collect$$libinit$$00000006  c_w.l(libinit2.o)(c_w.l)
    0x080001ea   0x00000000   Code   RO          431    .ARM.Collect$$libinit$$00000008  c_w.l(libinit2.o)(c_w.l)
    0x080001ea   0x00000000   Code   RO          433    .ARM.Collect$$libinit$$0000000A  c_w.l(libinit2.o)(c_w.l)
    0x080001ea   0x00000000   Code   RO          436    .ARM.Collect$$libinit$$0000000D  c_w.l(libinit2.o)(c_w.l)
    0x080001ea   0x00000000   Code   RO          438    .ARM.Collect$$libinit$$0000000F  c_w.l(libinit2.o)(c_w.l)
    0x080001ea   0x00000000   Code   RO          440    .ARM.Collect$$libinit$$00000011  c_w.l(libinit2.o)(c_w.l)
    0x080001ea   0x00000000   Code   RO          442    .ARM.Collect$$libinit$$00000013  c_w.l(libinit2.o)(c_w.l)
    0x080001ea   0x00000000   Code   RO          444    .ARM.Collect$$libinit$$00000015  c_w.l(libinit2.o)(c_w.l)
    0x080001ea   0x00000000   Code   RO          446    .ARM.Collect$$libinit$$00000017  c_w.l(libinit2.o)(c_w.l)
    0x080001ea   0x00000000   Code   RO          448    .ARM.Collect$$libinit$$00000019  c_w.l(libinit2.o)(c_w.l)
    0x080001ea   0x00000000   Code   RO          450    .ARM.Collect$$libinit$$0000001B  c_w.l(libinit2.o)(c_w.l)
    0x080001ea   0x00000000   Code   RO          452    .ARM.Collect$$libinit$$0000001D  c_w.l(libinit2.o)(c_w.l)
    0x080001ea   0x00000000   Code   RO          454    .ARM.Collect$$libinit$$0000001F  c_w.l(libinit2.o)(c_w.l)
    0x080001ea   0x00000000   Code   RO          456    .ARM.Collect$$libinit$$00000021  c_w.l(libinit2.o)(c_w.l)
    0x080001ea   0x00000000   Code   RO          460    .ARM.Collect$$libinit$$00000028  c_w.l(libinit2.o)(c_w.l)
    0x080001ea   0x00000000   Code   RO          462    .ARM.Collect$$libinit$$0000002A  c_w.l(libinit2.o)(c_w.l)
    0x080001ea   0x00000000   Code   RO          464    .ARM.Collect$$libinit$$0000002C  c_w.l(libinit2.o)(c_w.l)
    0x080001ea   0x00000000   Code   RO          466    .ARM.Collect$$libinit$$0000002E  c_w.l(libinit2.o)(c_w.l)
    0x080001ea   0x00000002   Code   RO          467    .ARM.Collect$$libinit$$0000002F  c_w.l(libinit2.o)(c_w.l)
    0x080001ec   0x00000002   Code   RO          493    .ARM.Collect$$libshutdown$$00000000  c_w.l(libshutdown.o)(c_w.l)
    0x080001ee   0x00000000   Code   RO          506    .ARM.Collect$$libshutdown$$00000003  c_w.l(libshutdown2.o)(c_w.l)
    0x080001ee   0x00000000   Code   RO          509    .ARM.Collect$$libshutdown$$00000006  c_w.l(libshutdown2.o)(c_w.l)
    0x080001ee   0x00000000   Code   RO          512    .ARM.Collect$$libshutdown$$00000009  c_w.l(libshutdown2.o)(c_w.l)
    0x080001ee   0x00000000   Code   RO          514    .ARM.Collect$$libshutdown$$0000000B  c_w.l(libshutdown2.o)(c_w.l)
    0x080001ee   0x00000000   Code   RO          517    .ARM.Collect$$libshutdown$$0000000E  c_w.l(libshutdown2.o)(c_w.l)
    0x080001ee   0x00000002   Code   RO          518    .ARM.Collect$$libshutdown$$0000000F  c_w.l(libshutdown2.o)(c_w.l)
    0x080001f0   0x00000000   Code   RO          391    .ARM.Collect$$rtentry$$00000000  c_w.l(rtentry.o)(c_w.l)
    0x080001f0   0x00000000   Code   RO          394    .ARM.Collect$$rtentry$$00000002  c_w.l(rtentry2.o)(c_w.l)
    0x080001f0   0x00000006   Code   RO          409    .ARM.Collect$$rtentry$$00000004  c_w.l(rtentry4.o)(c_w.l)
    0x080001f6   0x00000000   Code   RO          396    .ARM.Collect$$rtentry$$00000009  c_w.l(rtentry2.o)(c_w.l)
    0x080001f6   0x00000004   Code   RO          397    .ARM.Collect$$rtentry$$0000000A  c_w.l(rtentry2.o)(c_w.l)
    0x080001fa   0x00000000   Code   RO          399    .ARM.Collect$$rtentry$$0000000C  c_w.l(rtentry2.o)(c_w.l)
    0x080001fa   0x00000008   Code   RO          400    .ARM.Collect$$rtentry$$0000000D  c_w.l(rtentry2.o)(c_w.l)
    0x08000202   0x00000002   Code   RO          425    .ARM.Collect$$rtexit$$00000000  c_w.l(rtexit.o)(c_w.l)
    0x08000204   0x00000000   Code   RO          471    .ARM.Collect$$rtexit$$00000002  c_w.l(rtexit2.o)(c_w.l)
    0x08000204   0x00000004   Code   RO          472    .ARM.Collect$$rtexit$$00000003  c_w.l(rtexit2.o)(c_w.l)
    0x08000208   0x00000006   Code   RO          473    .ARM.Collect$$rtexit$$00000004  c_w.l(rtexit2.o)(c_w.l)
    0x0800020e   0x00000002   PAD
    0x08000210   0x0000016c   Code   RO            1    .text               hw_config.o
    0x0800037c   0x00000040   Code   RO           94    .text               main.o
    0x080003bc   0x00000024   Code   RO          106    .text               stm32f10x_it.o
    0x080003e0   0x00000020   Code   RO          134    .text               usb_endp.o
    0x08000400   0x00000078   Code   RO          149    .text               usb_istr.o
    0x08000478   0x00000264   Code   RO          167    .text               usb_prop.o
    0x080006dc   0x00000170   Code   RO          193    .text               usb_pwr.o
    0x0800084c   0x00000b60   Code   RO          211    .text               usb_core.o
    0x080013ac   0x0000003c   Code   RO          226    .text               usb_init.o
    0x080013e8   0x00000334   Code   RO          249    .text               usb_int.o
    0x0800171c   0x00000058   Code   RO          273    .text               usb_mem.o
    0x08001774   0x00000864   Code   RO          285    .text               usb_regs.o
    0x08001fd8   0x00000088   Code   RO          297    .text               usb_sil.o
    0x08002060   0x000000f8   Code   RO          309    .text               misc.o
    0x08002158   0x00000358   Code   RO          321    .text               stm32f10x_gpio.o
    0x080024b0   0x000003a8   Code   RO          333    .text               stm32f10x_rcc.o
    0x08002858   0x000001cc   Code   RO          358    .text               system_stm32f10x.o
    0x08002a24   0x00000040   Code   RO          379    .text               startup_stm32f10x_hd.o
    0x08002a64   0x0000003e   Code   RO          385    .text               c_w.l(strlen.o)(c_w.l)
    0x08002aa2   0x00000006   Code   RO          387    .text               c_w.l(heapauxi.o)(c_w.l)
    0x08002aa8   0x0000004a   Code   RO          411    .text               c_w.l(sys_stackheap_outer.o)(c_w.l)
    0x08002af2   0x0000000c   Code   RO          413    .text               c_w.l(exit.o)(c_w.l)
    0x08002afe   0x00000002   PAD
    0x08002b00   0x00000008   Code   RO          422    .text               c_w.l(libspace.o)(c_w.l)
    0x08002b08   0x0000000c   Code   RO          481    .text               c_w.l(rt_fp_status_addr_intlibspace.o)(c_w.l)
    0x08002b14   0x0000000c   Code   RO          485    .text               c_w.l(sys_exit.o)(c_w.l)
    0x08002b20   0x00000002   Code   RO          496    .text               c_w.l(use_no_semi.o)(c_w.l)
    0x08002b22   0x0000000e   Code   RO          468    x$fpl$fpinit        fz_ws.l(fpinit.o)(fz_ws.l)
    0x08002b30   0x000000b1   Data   RO          121    .constdata          usb_desc.o
    0x08002be1   0x00000003   PAD
    0x08002be4   0x00000020   Data   RO          549    Region$$Table       anon$$obj.o


    Execution Region RW_IRAM1 (Base: 0x20000000, Size: 0x000007f8, Max: 0x00010000, ABSOLUTE, COMPRESSED[0x00000090])

    Base Addr    Size         Type   Attr      Idx    E Section Name        Object

    0x20000000   0x0000001a   Data   RW          122    .data               usb_desc.o
    0x2000001a   0x00000002   PAD
    0x2000001c   0x0000003e   Data   RW          150    .data               usb_istr.o
    0x2000005a   0x00000002   PAD
    0x2000005c   0x00000094   Data   RW          168    .data               usb_prop.o
    0x200000f0   0x00000007   Data   RW          194    .data               usb_pwr.o
    0x200000f7   0x00000001   PAD
    0x200000f8   0x00000004   Data   RW          212    .data               usb_core.o
    0x200000fc   0x00000014   Data   RW          228    .data               usb_init.o
    0x20000110   0x00000004   Data   RW          250    .data               usb_int.o
    0x20000114   0x00000014   Data   RW          334    .data               stm32f10x_rcc.o
    0x20000128   0x00000014   Data   RW          359    .data               system_stm32f10x.o
    0x2000013c   0x00000040   Zero   RW          135    .bss                usb_endp.o
    0x2000017c   0x0000001c   Zero   RW          227    .bss                usb_init.o
    0x20000198   0x00000060   Zero   RW          423    .bss                c_w.l(libspace.o)(c_w.l)
    0x200001f8   0x00000200   Zero   RW          377    HEAP                startup_stm32f10x_hd.o
    0x200003f8   0x00000400   Zero   RW          376    STACK               startup_stm32f10x_hd.o


==============================================================================

Image component sizes


      Code (inc. data)   RO Data    RW Data    ZI Data      Debug   Object Name

         0          0          0          0          0          0   core_cm3.o
       364         24          0          0          0          0   hw_config.o
        64         28          0          0          0          0   main.o
       248         30          0          0          0          0   misc.o
        64         26        304          0       1536          0   startup_stm32f10x_hd.o
       856         40          0          0          0          0   stm32f10x_gpio.o
        36          0          0          0          0          0   stm32f10x_it.o
       936         56          0         20          0          0   stm32f10x_rcc.o
       460         40          0         20          0          0   system_stm32f10x.o
      2912        120          0          4          0          0   usb_core.o
         0          0        177         26          0          0   usb_desc.o
        32          4          0          0         64          0   usb_endp.o
        60         24          0         20         28          0   usb_init.o
       820         36          0          4          0          0   usb_int.o
       120         22          0         62          0          0   usb_istr.o
        88          4          0          0          0          0   usb_mem.o
       612         52          0        148          0          0   usb_prop.o
       368         28          0          7          0          0   usb_pwr.o
      2148         42          0          0          0          0   usb_regs.o
       136         14          0          0          0          0   usb_sil.o

    ----------------------------------------------------------------------
     10324        590        516        316       1628          0   Object Totals
         0          0         32          0          0          0   (incl. Generated)
         0          0          3          5          0          2   (incl. Padding)

    ----------------------------------------------------------------------

      Code (inc. data)   RO Data    RW Data    ZI Data      Debug   Library Member Name

        90          0          0          0          0          0   __dczerorl2.o
         8          0          0          0          0          0   __main.o
        52          8          0          0          0          0   __scatter.o
        28          0          0          0          0          0   __scatter_zi.o
        12          0          0          0          0          0   exit.o
         6          0          0          0          0          0   heapauxi.o
         6          0          0          0          0          0   libinit.o
         2          0          0          0          0          0   libinit2.o
         2          0          0          0          0          0   libshutdown.o
         2          0          0          0          0          0   libshutdown2.o
         8          4          0          0         96          0   libspace.o
        12          4          0          0          0          0   rt_fp_status_addr_intlibspace.o
         0          0          0          0          0          0   rtentry.o
        12          0          0          0          0          0   rtentry2.o
         6          0          0          0          0          0   rtentry4.o
         2          0          0          0          0          0   rtexit.o
        10          0          0          0          0          0   rtexit2.o
        62          0          0          0          0          0   strlen.o
        12          4          0          0          0          0   sys_exit.o
        74          0          0          0          0          0   sys_stackheap_outer.o
         2          0          0          0          0          0   use_no_semi.o
        14          0          0          0          0          0   fpinit.o

    ----------------------------------------------------------------------
       428         20          0          0         96          0   Library Totals
         6          0          0          0          0          0   (incl. Padding)

    ----------------------------------------------------------------------

      Code (inc. data)   RO Data    RW Data    ZI Data      Debug   Library Name

       408         20          0          0         96        716   c_w.l
        14          0          0          0          0         76   fz_ws.l

    ----------------------------------------------------------------------
       428         20          0          0         96          0   Library Totals

    ----------------------------------------------------------------------

==============================================================================


      Code (inc. data)   RO Data    RW Data    ZI Data      Debug   

     10752        610        516        316       1724     300664   Grand Totals
     10752        610        516        144       1724     300664   ELF Image Totals (compressed)
     10752        610        516        144          0          0   ROM Totals

==============================================================================

    Total RO  Size (Code + RO Data)                11268 (  11.00kB)
    Total RW  Size (RW Data + ZI Data)              2040 (   1.99kB)
    Total ROM Size (Code + RO Data + RW Data)      11412 (  11.14kB)

==============================================================================

