<html>
<body>
<pre>
<h1>µVision Build Log</h1>
<h2>Project:</h2>
C:\Users\Administrator\Desktop\USB_COM_3.5\Project\USB_COM.uvproj
Project File Date:  04/01/2014

<h2>Output:</h2>
Build target 'USB_COM'
compiling hw_config.c...
..\USER\src\hw_config.c(216): warning:  #223-D: function "strlen" declared implicitly
..\USER\src\hw_config.c:        UserToPMABufferCopy(data_buffer, ENDP1_TXADDR, strlen(data_buffer));
..\USER\src\hw_config.c:                                                       ^
..\USER\src\hw_config.c: ..\USER\src\hw_config.c: 1 warning, 0 errors
compiling main.c...
compiling stm32f10x_it.c...
compiling usb_desc.c...
compiling usb_endp.c...
..\USER\src\usb_endp.c(44): error:  #20: identifier "USB_Rx_Buffer" is undefined
..\USER\src\usb_endp.c:     USB_Rx_Cnt = USB_SIL_Read(EP3_OUT, USB_Rx_Buffer);   
..\USER\src\usb_endp.c:                                        ^
..\USER\src\usb_endp.c(47): error:  #140: too many arguments in function call
..\USER\src\usb_endp.c:     USB_Send_Buf(USB_Rx_Buffer, USB_Rx_Cnt);
..\USER\src\usb_endp.c:                                 ^
..\USER\src\usb_endp.c: ..\USER\src\usb_endp.c: 0 warnings, 2 errors
compiling usb_istr.c...
compiling usb_prop.c...
compiling usb_pwr.c...
compiling usb_core.c...
compiling usb_init.c...
compiling usb_int.c...
compiling usb_mem.c...
compiling usb_regs.c...
compiling usb_sil.c...
compiling misc.c...
compiling stm32f10x_gpio.c...
compiling stm32f10x_rcc.c...
compiling core_cm3.c...
compiling system_stm32f10x.c...
Target not created
Build target 'USB_COM'
compiling usb_endp.c...
..\USER\src\usb_endp.c(43): warning:  #550-D: variable "USB_Rx_Cnt" was set but never used
..\USER\src\usb_endp.c:     uint16_t USB_Rx_Cnt;  
..\USER\src\usb_endp.c:              ^
..\USER\src\usb_endp.c: ..\USER\src\usb_endp.c: 1 warning, 0 errors
linking...
Program Size: Code=10760 RO-data=516 RW-data=316 ZI-data=1724  
FromELF: creating hex file...
".\Obj\USB_COM.axf" - 0 Error(s), 1 Warning(s).
Build target 'USB_COM'
linking...
Program Size: Code=10760 RO-data=516 RW-data=316 ZI-data=1724  
FromELF: creating hex file...
".\Obj\USB_COM.axf" - 0 Error(s), 0 Warning(s).
Build target 'USB_COM'
linking...
Program Size: Code=10760 RO-data=516 RW-data=316 ZI-data=1724  
FromELF: creating hex file...
".\Obj\USB_COM.axf" - 0 Error(s), 0 Warning(s).
Load "C:\\Users\\Administrator\\Desktop\\USB_COM_3.5\\Project\\Obj\\USB_COM.AXF" 
Set JLink Project File to "C:\Users\Administrator\Desktop\USB_COM_3.5\Project\JLinkSettings.ini"
 
JLink info:
------------
DLL: V4.15n, compiled Jun 18 2010 19:55:09
Firmware: J-Link ARM V8 compiled Nov 14 2012 22:34:52
Hardware: V8.00
S/N : 17892859 
Feature(s) : RDI,FlashDL,FlashBP,JFlash 
 
* JLink Info: Found SWD-DP with ID 0x1BA01477
* JLink Info: TPIU fitted.
* JLink Info:   FPUnit: 6 code (BP) slots and 2 literal slots
ROMTableAddr = 0xE00FF003
 
Target info:
------------
Device: STM32F103RE
VTarget = 3.300V
State of Pins: 
TCK: 0, TDI: 1, TDO: 0, TMS: 1, TRES: 1, TRST: 1
* JLink Info: Found SWD-DP with ID 0x1BA01477
* JLink Info: TPIU fitted.
* JLink Info:   FPUnit: 6 code (BP) slots and 2 literal slots
Hardware-Breakpoints: 6
Software-Breakpoints: 2048
Watchpoints:          4
JTAG speed: 4000 kHz
 
Erase Done.
Programming Done.
Verify OK.
Build target 'USB_COM'
compiling main.c...
linking...
Program Size: Code=10760 RO-data=516 RW-data=316 ZI-data=1724  
FromELF: creating hex file...
".\Obj\USB_COM.axf" - 0 Error(s), 0 Warning(s).
Load "C:\\Users\\Administrator\\Desktop\\USB_COM_3.5\\Project\\Obj\\USB_COM.AXF" 
Set JLink Project File to "C:\Users\Administrator\Desktop\USB_COM_3.5\Project\JLinkSettings.ini"
 
JLink info:
------------
DLL: V4.15n, compiled Jun 18 2010 19:55:09
Firmware: J-Link ARM V8 compiled Nov 14 2012 22:34:52
Hardware: V8.00
S/N : 17892859 
Feature(s) : RDI,FlashDL,FlashBP,JFlash 
 
* JLink Info: Found SWD-DP with ID 0x1BA01477
* JLink Info: TPIU fitted.
* JLink Info:   FPUnit: 6 code (BP) slots and 2 literal slots
ROMTableAddr = 0xE00FF003
 
Target info:
------------
Device: STM32F103RE
VTarget = 3.300V
State of Pins: 
TCK: 0, TDI: 1, TDO: 0, TMS: 1, TRES: 1, TRST: 1
* JLink Info: Found SWD-DP with ID 0x1BA01477
* JLink Info: TPIU fitted.
* JLink Info:   FPUnit: 6 code (BP) slots and 2 literal slots
Hardware-Breakpoints: 6
Software-Breakpoints: 2048
Watchpoints:          4
JTAG speed: 4000 kHz
 
Erase Done.
Programming Done.
Verify OK.
Build target 'USB_COM'
compiling main.c...
linking...
Program Size: Code=10752 RO-data=516 RW-data=316 ZI-data=1724  
FromELF: creating hex file...
".\Obj\USB_COM.axf" - 0 Error(s), 0 Warning(s).
Load "C:\\Users\\Administrator\\Desktop\\USB_COM_3.5\\Project\\Obj\\USB_COM.AXF" 
Set JLink Project File to "C:\Users\Administrator\Desktop\USB_COM_3.5\Project\JLinkSettings.ini"
 
JLink info:
------------
DLL: V4.15n, compiled Jun 18 2010 19:55:09
Firmware: J-Link ARM V8 compiled Nov 14 2012 22:34:52
Hardware: V8.00
S/N : 17892859 
Feature(s) : RDI,FlashDL,FlashBP,JFlash 
 
* JLink Info: Found SWD-DP with ID 0x1BA01477
* JLink Info: TPIU fitted.
* JLink Info:   FPUnit: 6 code (BP) slots and 2 literal slots
ROMTableAddr = 0xE00FF003
 
Target info:
------------
Device: STM32F103RE
VTarget = 3.300V
State of Pins: 
TCK: 0, TDI: 1, TDO: 0, TMS: 1, TRES: 1, TRST: 1
* JLink Info: Found SWD-DP with ID 0x1BA01477
* JLink Info: TPIU fitted.
* JLink Info:   FPUnit: 6 code (BP) slots and 2 literal slots
Hardware-Breakpoints: 6
Software-Breakpoints: 2048
Watchpoints:          4
JTAG speed: 4000 kHz
 
Erase Done.
Programming Done.
Verify OK.
